******************************************************************************
                  TI ARM Linker PC v20.2.0                     
******************************************************************************
>> Linked Wed Jul 15 20:50:51 2020

OUTPUT FILE NAME:   <FreeRTOSExample1.out>
ENTRY POINT SYMBOL: "_c_int00_noargs"  address: 00004571


MEMORY CONFIGURATION

         name            origin    length      used     unused   attr    fill
----------------------  --------  ---------  --------  --------  ----  --------
  FLASH                 00000000   00040000  00004bd4  0003b42c  R  X
  SRAM                  20000000   00008000  00007c2c  000003d4  RW X


SEGMENT ALLOCATION MAP

run origin  load origin   length   init length attrs members
----------  ----------- ---------- ----------- ----- -------
00000000    00000000    00004bd8   00004bd8    r-x
  00000000    00000000    0000026c   0000026c    r-- .intvecs
  0000026c    0000026c    0000454c   0000454c    r-x .text
  000047b8    000047b8    000003d4   000003d4    r-- .const
  00004b90    00004b90    00000048   00000048    r-- .cinit
20000000    20000000    00007c2c   00000000    rw-
  20000000    20000000    0000026c   00000000    rw- .vtable
  2000026c    2000026c    00007774   00000000    rw- .bss
  200079e0    200079e0    00000200   00000000    rw- .stack
  20007be0    20007be0    0000004c   00000000    rw- .data


SECTION ALLOCATION MAP

 output                                  attributes/
section   page    origin      length       input sections
--------  ----  ----------  ----------   ----------------
.intvecs   0    00000000    0000026c     
                  00000000    0000026c     tm4c123gh6pm_startup_ccs.obj (.intvecs)

.text      0    0000026c    0000454c     
                  0000026c    00001894     tasks.obj (.text)
                  00001b00    00000c80     queue.obj (.text)
                  00002780    000004fc     freertos_demo.obj (.text)
                  00002c7c    000004dc     uartstdio.obj (.text)
                  00003158    000002f8     init.obj (.text)
                  00003450    000001b8     heap_2.obj (.text)
                  00003608    000001b6     rtsv7M4_T_le_v4SPD16_eabi.lib : fd_add_t2.asm.obj (.text)
                  000037be    00000002                                   : div0.asm.obj (.text)
                  000037c0    0000013c     port.obj (.text)
                  000038fc    00000136     rtsv7M4_T_le_v4SPD16_eabi.lib : fd_div_t2.asm.obj (.text)
                  00003a32    00000132     driverlib.lib : gpio.obj (.text:GPIOPadConfigSet)
                  00003b64    0000012a     list.obj (.text)
                  00003c8e    00000002     --HOLE-- [fill = 0]
                  00003c90    00000110     driverlib.lib : sysctl.obj (.text:SysCtlClockGet)
                  00003da0    000000fc     rtsv7M4_T_le_v4SPD16_eabi.lib : fd_mul_t2.asm.obj (.text)
                  00003e9c    000000f4     driverlib.lib : sysctl.obj (.text:SysCtlClockSet)
                  00003f90    000000da     portasm.obj (.text)
                  0000406a    0000009c     rtsv7M4_T_le_v4SPD16_eabi.lib : memcpy_t2.asm.obj (.text)
                  00004106    0000007a                                   : memset_t2.asm.obj (.text)
                  00004180    0000006e                                   : fd_tos_t2.asm.obj (.text)
                  000041ee    00000002     --HOLE-- [fill = 0]
                  000041f0    00000068     driverlib.lib : interrupt.obj (.text:IntEnable)
                  00004258    00000068     rtsv7M4_T_le_v4SPD16_eabi.lib : copy_decompress_lzss.c.obj (.text:decompress:lzss:__TI_decompress_lzss)
                  000042c0    00000060     driverlib.lib : timer.obj (.text:TimerConfigure)
                  00004320    00000056                   : gpio.obj (.text:GPIOIntTypeSet)
                  00004376    00000002     --HOLE-- [fill = 0]
                  00004378    00000048                   : gpio.obj (.text:GPIOPinConfigure)
                  000043c0    00000048     rtsv7M4_T_le_v4SPD16_eabi.lib : fd_toi_t2.asm.obj (.text)
                  00004408    00000044     driverlib.lib : gpio.obj (.text:_GPIOIntNumberGet)
                  0000444c    00000044     rtsv7M4_T_le_v4SPD16_eabi.lib : autoinit.c.obj (.text:__TI_auto_init_nobinit_nopinit:__TI_auto_init_nobinit_nopinit)
                  00004490    00000040                                   : u_divt2.asm.obj (.text)
                  000044d0    00000038                                   : fs_tod_t2.asm.obj (.text)
                  00004508    00000034     driverlib.lib : interrupt.obj (.text:IntRegister)
                  0000453c    00000034                   : sysctl.obj (.text:SysCtlPeripheralEnable)
                  00004570    00000034     rtsv7M4_T_le_v4SPD16_eabi.lib : boot_cortex_m.c.obj (.text:_c_int00_noargs:_c_int00_noargs)
                  000045a4    0000002e                                   : i_tofd_t2.asm.obj (.text)
                  000045d2    0000002a     driverlib.lib : gpio.obj (.text:GPIODirModeSet)
                  000045fc    00000024                   : interrupt.obj (.text:IntPrioritySet)
                  00004620    00000022                   : pwm.obj (.text:PWMGenConfigure)
                  00004642    0000001e                   : pwm.obj (.text:PWMPulseWidthSet)
                  00004660    00000018                   : gpio.obj (.text:GPIOIntRegister)
                  00004678    00000014                   : sysctl.obj (.text:SysCtlPWMClockSet)
                  0000468c    00000012                   : gpio.obj (.text:GPIOPinTypePWM)
                  0000469e    00000012                   : gpio.obj (.text:GPIOPinTypeQEI)
                  000046b0    00000012                   : gpio.obj (.text:GPIOPinTypeUART)
                  000046c2    00000012                   : pwm.obj (.text:PWMOutputState)
                  000046d4    00000012                   : timer.obj (.text:TimerLoadSet)
                  000046e6    00000010                   : interrupt.obj (.text:IntMasterDisable)
                  000046f6    00000010                   : pwm.obj (.text:PWMGenPeriodSet)
                  00004706    0000000e                   : qei.obj (.text:QEIConfigure)
                  00004714    0000000e                   : timer.obj (.text:TimerEnable)
                  00004722    0000000e     rtsv7M4_T_le_v4SPD16_eabi.lib : copy_decompress_none.c.obj (.text:decompress:none:__TI_decompress_none)
                  00004730    0000000c     driverlib.lib : cpu.obj (.text:CPUcpsid)
                  0000473c    0000000c                   : gpio.obj (.text:GPIOIntEnable)
                  00004748    0000000c                   : pwm.obj (.text:PWMGenEnable)
                  00004754    0000000c     rtsv7M4_T_le_v4SPD16_eabi.lib : copy_zero_init.c.obj (.text:decompress:ZI:__TI_zero_init)
                  00004760    0000000c     tm4c123gh6pm_startup_ccs.obj (.text)
                  0000476c    0000000a     driverlib.lib : qei.obj (.text:QEIDisable)
                  00004776    0000000a                   : qei.obj (.text:QEIEnable)
                  00004780    0000000a                   : qei.obj (.text:QEIIntDisable)
                  0000478a    00000008                   : timer.obj (.text:TimerIntEnable)
                  00004792    00000006                   : gpio.obj (.text:GPIOIntClear)
                  00004798    00000006                   : sysctl.obj (.text:SysCtlDelay)
                  0000479e    00000006                   : uart.obj (.text:UARTClockSourceSet)
                  000047a4    00000004                   : qei.obj (.text:QEIPositionGet)
                  000047a8    00000004                   : qei.obj (.text:QEIPositionSet)
                  000047ac    00000004                   : timer.obj (.text:TimerIntClear)
                  000047b0    00000004     rtsv7M4_T_le_v4SPD16_eabi.lib : pre_init.c.obj (.text:_system_pre_init)
                  000047b4    00000004                                   : exit.c.obj (.text:abort:abort)

.const     0    000047b8    000003d4     
                  000047b8    000000d8     driverlib.lib : gpio.obj (.const:g_ppui32GPIOIntMapSnowflake)
                  00004890    000000c0                   : gpio.obj (.const:g_ppui32GPIOIntMapBlizzard)
                  00004950    0000009c                   : interrupt.obj (.const:g_pui32Regs)
                  000049ec    00000090                   : gpio.obj (.const:g_pui32GPIOBaseAddrs)
                  00004a7c    00000070                   : interrupt.obj (.const)
                  00004aec    0000006c                   : sysctl.obj (.const:g_pui32Xtals)
                  00004b58    00000012     uartstdio.obj (.const:.string)
                  00004b6a    00000002     --HOLE-- [fill = 0]
                  00004b6c    0000000c     uartstdio.obj (.const:g_ui32UARTBase)
                  00004b78    0000000c     uartstdio.obj (.const:g_ui32UARTPeriph)
                  00004b84    00000004     port.obj (.const)
                  00004b88    00000004     uartstdio.obj (.const)

.cinit     0    00004b90    00000048     
                  00004b90    00000010     (.cinit..data.load) [load image, compression = lzss]
                  00004ba0    0000000c     (__TI_handler_table)
                  00004bac    00000004     --HOLE-- [fill = 0]
                  00004bb0    00000008     (.cinit..bss.load) [load image, compression = zero_init]
                  00004bb8    00000008     (.cinit..vtable.load) [load image, compression = zero_init]
                  00004bc0    00000018     (__TI_cinit_table)

.init_array 
*          0    00000000    00000000     UNINITIALIZED

.vtable    0    20000000    0000026c     UNINITIALIZED
                  20000000    0000026c     driverlib.lib : interrupt.obj (.vtable)

.bss       0    2000026c    00007774     UNINITIALIZED
                  2000026c    00007530     heap_2.obj (.bss:ucHeap)
                  2000779c    00000140     tasks.obj (.bss:pxReadyTasksLists)
                  200078dc    00000050     (.common:xQueueRegistry)
                  2000792c    00000014     tasks.obj (.bss:xDelayedTaskList1)
                  20007940    00000014     tasks.obj (.bss:xDelayedTaskList2)
                  20007954    00000014     tasks.obj (.bss:xPendingReadyList)
                  20007968    00000014     tasks.obj (.bss:xSuspendedTaskList)
                  2000797c    00000014     tasks.obj (.bss:xTasksWaitingTermination)
                  20007990    00000008     tasks.obj (.bss)
                  20007998    00000008     heap_2.obj (.bss:xEnd)
                  200079a0    00000008     heap_2.obj (.bss:xStart)
                  200079a8    00000004     (.common:Encoder_sem)
                  200079ac    00000004     (.common:Kd)
                  200079b0    00000004     (.common:Ki)
                  200079b4    00000004     (.common:Kp)
                  200079b8    00000004     (.common:PID_sem)
                  200079bc    00000004     (.common:Period)
                  200079c0    00000004     (.common:antiWindup)
                  200079c4    00000004     (.common:dt)
                  200079c8    00000004     (.common:error)
                  200079cc    00000004     (.common:error_d)
                  200079d0    00000004     (.common:error_i)
                  200079d4    00000004     (.common:error_old)
                  200079d8    00000004     (.common:u)
                  200079dc    00000002     (.common:pos)
                  200079de    00000002     (.common:pos_d)

.data      0    20007be0    0000004c     UNINITIALIZED
                  20007be0    00000034     tasks.obj (.data)
                  20007c14    00000008     heap_2.obj (.data)
                  20007c1c    00000005     uartstdio.obj (.data)
                  20007c21    00000003     --HOLE--
                  20007c24    00000004     freertos_demo.obj (.data)
                  20007c28    00000004     port.obj (.data)

.stack     0    200079e0    00000200     UNINITIALIZED
                  200079e0    00000004     rtsv7M4_T_le_v4SPD16_eabi.lib : boot_cortex_m.c.obj (.stack)
                  200079e4    000001fc     --HOLE--

__llvm_prf_cnts 
*          0    20000000    00000000     UNINITIALIZED

MODULE SUMMARY

       Module                         code    ro data   rw data
       ------                         ----    -------   -------
    .\
       tm4c123gh6pm_startup_ccs.obj   12      620       0      
    +--+------------------------------+-------+---------+---------+
       Total:                         12      620       0      
                                                               
    .\Application\
       freertos_demo.obj              1276    0         60     
       init.obj                       760     0         0      
    +--+------------------------------+-------+---------+---------+
       Total:                         2036    0         60     
                                                               
    .\FreeRTOSSource\
       heap_2.obj                     440     0         30024  
       tasks.obj                      6292    0         480    
       queue.obj                      3200    0         80     
       port.obj                       316     4         4      
       list.obj                       298     0         0      
       portasm.obj                    218     0         0      
    +--+------------------------------+-------+---------+---------+
       Total:                         10764   4         30588  
                                                               
    .\driver\
       uartstdio.obj                  1244    46        5      
    +--+------------------------------+-------+---------+---------+
       Total:                         1244    46        5      
                                                               
    C:/ti/TivaWare_C_Series-2.1.4.178/driverlib/ccs/Debug/driverlib.lib
       gpio.obj                       670     552       0      
       interrupt.obj                  208     268       620    
       sysctl.obj                     594     108       0      
       timer.obj                      140     0         0      
       pwm.obj                        110     0         0      
       qei.obj                        52      0         0      
       cpu.obj                        12      0         0      
       uart.obj                       6       0         0      
    +--+------------------------------+-------+---------+---------+
       Total:                         1792    928       620    
                                                               
    C:\ti\ccs1000\ccs\tools\compiler\ti-cgt-arm_20.2.0.LTS\lib\rtsv7M4_T_le_v4SPD16_eabi.lib
       fd_add_t2.asm.obj              438     0         0      
       fd_div_t2.asm.obj              310     0         0      
       fd_mul_t2.asm.obj              252     0         0      
       memcpy_t2.asm.obj              156     0         0      
       memset_t2.asm.obj              122     0         0      
       fd_tos_t2.asm.obj              110     0         0      
       copy_decompress_lzss.c.obj     104     0         0      
       fd_toi_t2.asm.obj              72      0         0      
       autoinit.c.obj                 68      0         0      
       u_divt2.asm.obj                64      0         0      
       fs_tod_t2.asm.obj              56      0         0      
       boot_cortex_m.c.obj            52      0         0      
       i_tofd_t2.asm.obj              46      0         0      
       copy_decompress_none.c.obj     14      0         0      
       copy_zero_init.c.obj           12      0         0      
       exit.c.obj                     4       0         0      
       pre_init.c.obj                 4       0         0      
       div0.asm.obj                   2       0         0      
    +--+------------------------------+-------+---------+---------+
       Total:                         1886    0         0      
                                                               
       Stack:                         0       0         512    
       Linker Generated:              0       68        0      
    +--+------------------------------+-------+---------+---------+
       Grand Total:                   17734   1666      31785  


LINKER GENERATED COPY TABLES

__TI_cinit_table @ 00004bc0 records: 3, size/record: 8, table size: 24
	.data: load addr=00004b90, load size=00000010 bytes, run addr=20007be0, run size=0000004c bytes, compression=lzss
	.bss: load addr=00004bb0, load size=00000008 bytes, run addr=2000026c, run size=00007774 bytes, compression=zero_init
	.vtable: load addr=00004bb8, load size=00000008 bytes, run addr=20000000, run size=0000026c bytes, compression=zero_init


LINKER GENERATED HANDLER TABLE

__TI_handler_table @ 00004ba0 records: 3, size/record: 4, table size: 12
	index: 0, handler: __TI_zero_init
	index: 1, handler: __TI_decompress_lzss
	index: 2, handler: __TI_decompress_none


GLOBAL SYMBOLS: SORTED ALPHABETICALLY BY Name 

address   name                               
-------   ----                               
000047b5  C$$EXIT                            
00004731  CPUcpsid                           
00002797  ConfigureUART                      
200079a8  Encoder_sem                        
000045d3  GPIODirModeSet                     
00004793  GPIOIntClear                       
0000473d  GPIOIntEnable                      
00004661  GPIOIntRegister                    
00004321  GPIOIntTypeSet                     
00003a33  GPIOPadConfigSet                   
00004379  GPIOPinConfigure                   
0000468d  GPIOPinTypePWM                     
0000469f  GPIOPinTypeQEI                     
000046b1  GPIOPinTypeUART                    
000041f1  IntEnable                          
000046e7  IntMasterDisable                   
000045fd  IntPrioritySet                     
00004509  IntRegister                        
200079ac  Kd                                 
200079b0  Ki                                 
200079b4  Kp                                 
000027f1  PD6IntHandler                      
200079b8  PID_sem                            
00004621  PWMGenConfigure                    
00004749  PWMGenEnable                       
000046f7  PWMGenPeriodSet                    
000046c3  PWMOutputState                     
00004643  PWMPulseWidthSet                   
200079bc  Period                             
00004707  QEIConfigure                       
0000476d  QEIDisable                         
00004777  QEIEnable                          
00004781  QEIIntDisable                      
000047a5  QEIPositionGet                     
000047a9  QEIPositionSet                     
00004761  ResetISR                           
00003c91  SysCtlClockGet                     
00003e9d  SysCtlClockSet                     
00004799  SysCtlDelay                        
00004679  SysCtlPWMClockSet                  
0000453d  SysCtlPeripheralEnable             
00002823  Timer0AIntHandler                  
000042c1  TimerConfigure                     
00004715  TimerEnable                        
000047ad  TimerIntClear                      
0000478b  TimerIntEnable                     
000046d5  TimerLoadSet                       
0000479f  UARTClockSourceSet                 
00002c7d  UARTStdioConfig                    
00002df5  UARTgetc                           
00002d2f  UARTgets                           
00003123  UARTprintf                         
00002e29  UARTvprintf                        
00002cdd  UARTwrite                          
20007be0  __STACK_END                        
00000200  __STACK_SIZE                       
20007be0  __STACK_TOP                        
00004bc0  __TI_CINIT_Base                    
00004bd8  __TI_CINIT_Limit                   
00004ba0  __TI_Handler_Table_Base            
00004bac  __TI_Handler_Table_Limit           
0000444d  __TI_auto_init_nobinit_nopinit     
00004259  __TI_decompress_lzss               
00004723  __TI_decompress_none               
ffffffff  __TI_pprof_out_hndl                
ffffffff  __TI_prof_data_size                
ffffffff  __TI_prof_data_start               
00000000  __TI_static_base__                 
00004755  __TI_zero_init                     
00004181  __aeabi_d2f                        
000043c1  __aeabi_d2iz                       
00003613  __aeabi_dadd                       
000038fd  __aeabi_ddiv                       
00003da1  __aeabi_dmul                       
00003609  __aeabi_dsub                       
000044d1  __aeabi_f2d                        
000045a5  __aeabi_i2d                        
000037bf  __aeabi_idiv0                      
000037bf  __aeabi_ldiv0                      
00004107  __aeabi_memclr                     
00004107  __aeabi_memclr4                    
00004107  __aeabi_memclr8                    
0000406b  __aeabi_memcpy                     
0000406b  __aeabi_memcpy4                    
0000406b  __aeabi_memcpy8                    
00004109  __aeabi_memset                     
00004109  __aeabi_memset4                    
00004109  __aeabi_memset8                    
00004491  __aeabi_uidiv                      
00004491  __aeabi_uidivmod                   
ffffffff  __binit__                          
ffffffff  __c_args__                         
00002781  __error__                          
UNDEFED   __mpu_init                         
200079e0  __stack                            
20000000  __start___llvm_prf_cnts            
20000000  __stop___llvm_prf_cnts             
00004571  _c_int00_noargs                    
UNDEFED   _system_post_cinit                 
000047b1  _system_pre_init                   
000047b5  abort                              
200079c0  antiWindup                         
ffffffff  binit                              
200079c4  dt                                 
000005dd  eTaskGetState                      
200079c8  error                              
200079cc  error_d                            
200079d0  error_i                            
200079d4  error_old                          
20000000  g_pfnRAMVectors                    
00000000  g_pfnVectors                       
00003159  init                               
00003277  initLoopControl                    
000031cd  initPWM                            
0000323d  initQEI                            
00002855  main                               
0000406b  memcpy                             
0000410f  memset                             
000026f5  pcQueueGetName                     
00000ba3  pcTaskGetName                      
200079dc  pos                                
200079de  pos_d                              
20007c24  pos_queue                          
00003451  pvPortMalloc                       
0000161f  pvTaskIncrementMutexHeldCount      
20007be0  pxCurrentTCB                       
000037c1  pxPortInitialiseStack              
00003307  setDIR                             
0000333f  setPWM                             
200079d8  u                                  
00002459  ucQueueGetQueueType                
00004b84  ulMaxSyscallInterruptPriority      
00003fa1  ulPortGetIPSR                      
0000163d  ulTaskNotifyTake                   
00003c47  uxListRemove                       
00002439  uxQueueGetQueueNumber              
000023db  uxQueueMessagesWaiting             
00002411  uxQueueMessagesWaitingFromISR      
000023f1  uxQueueSpacesAvailable             
00000b9d  uxTaskGetNumberOfTasks             
00001309  uxTaskGetStackHighWaterMark        
00000bc9  uxTaskGetSystemState               
00001099  uxTaskGetTaskNumber                
00000671  uxTaskPriorityGet                  
000006a1  uxTaskPriorityGetFromISR           
000015fd  uxTaskResetEventItemValue          
0000278d  vApplicationStackOverflowHook      
00003b65  vListInitialise                    
00003b95  vListInitialiseItem                
00003be1  vListInsert                        
00003ba5  vListInsertEnd                     
0000405d  vPortEnableVFP                     
00003861  vPortEndScheduler                  
00003863  vPortEnterCritical                 
00003883  vPortExitCritical                  
00003549  vPortFree                          
000035ad  vPortInitialiseBlocks              
00004019  vPortSVCHandler                    
000038bf  vPortSetupTimerInterrupt           
00004039  vPortStartFirstTask                
000026b3  vQueueAddToRegistry                
00002423  vQueueDelete                       
00002447  vQueueSetQueueNumber               
00002735  vQueueUnregisterQueue              
000005a1  vTaskDelay                         
00000511  vTaskDelayUntil                    
00000463  vTaskDelete                        
00000a63  vTaskEndScheduler                  
00001179  vTaskGetInfo                       
00000fe7  vTaskInternalSetTimeOutState       
0000108d  vTaskMissedYield                   
00001959  vTaskNotifyGiveFromISR             
00000e8b  vTaskPlaceOnEventList              
00000ea7  vTaskPlaceOnUnorderedEventList     
0000152b  vTaskPriorityDisinheritAfterTimeout
000006ed  vTaskPrioritySet                   
00000f61  vTaskRemoveFromUnorderedEventList  
00000911  vTaskResume                        
000010b9  vTaskSetTaskNumber                 
00000fc9  vTaskSetTimeOutState               
00000a19  vTaskStartScheduler                
00000805  vTaskSuspend                       
00000a7f  vTaskSuspendAll                    
00000de9  vTaskSwitchContext                 
000035a7  xPortGetFreeHeapSize               
00003fb9  xPortPendSVHandler                 
0000382b  xPortStartScheduler                
00003899  xPortSysTickHandler                
00001c59  xQueueCreateMutex                  
00001b9f  xQueueGenericCreate                
00001b01  xQueueGenericReset                 
00001d05  xQueueGenericSend                  
00001e33  xQueueGenericSendFromISR           
00001ecd  xQueueGiveFromISR                  
00001c85  xQueueGiveMutexRecursive           
0000264f  xQueueIsQueueEmptyFromISR          
00002691  xQueueIsQueueFullFromISR           
000021d1  xQueuePeek                         
00002389  xQueuePeekFromISR                  
00001f5f  xQueueReceive                      
000022f1  xQueueReceiveFromISR               
200078dc  xQueueRegistry                     
00002079  xQueueSemaphoreTake                
00001cc1  xQueueTakeMutexRecursive           
00001009  xTaskCheckForTimeOut               
0000026d  xTaskCreate                        
0000175f  xTaskGenericNotify                 
00001849  xTaskGenericNotifyFromISR          
0000137d  xTaskGetCurrentTaskHandle          
00000b75  xTaskGetTickCount                  
00000b89  xTaskGetTickCountFromISR           
00000cbd  xTaskIncrementTick                 
00001a07  xTaskNotifyStateClear              
000016b9  xTaskNotifyWait                    
0000148f  xTaskPriorityDisinherit            
000013b1  xTaskPriorityInherit               
00000ee1  xTaskRemoveFromEventList           
00000a91  xTaskResumeAll                     
00000989  xTaskResumeFromISR                 


GLOBAL SYMBOLS: SORTED BY Symbol Address 

address   name                               
-------   ----                               
00000000  __TI_static_base__                 
00000000  g_pfnVectors                       
00000200  __STACK_SIZE                       
0000026d  xTaskCreate                        
00000463  vTaskDelete                        
00000511  vTaskDelayUntil                    
000005a1  vTaskDelay                         
000005dd  eTaskGetState                      
00000671  uxTaskPriorityGet                  
000006a1  uxTaskPriorityGetFromISR           
000006ed  vTaskPrioritySet                   
00000805  vTaskSuspend                       
00000911  vTaskResume                        
00000989  xTaskResumeFromISR                 
00000a19  vTaskStartScheduler                
00000a63  vTaskEndScheduler                  
00000a7f  vTaskSuspendAll                    
00000a91  xTaskResumeAll                     
00000b75  xTaskGetTickCount                  
00000b89  xTaskGetTickCountFromISR           
00000b9d  uxTaskGetNumberOfTasks             
00000ba3  pcTaskGetName                      
00000bc9  uxTaskGetSystemState               
00000cbd  xTaskIncrementTick                 
00000de9  vTaskSwitchContext                 
00000e8b  vTaskPlaceOnEventList              
00000ea7  vTaskPlaceOnUnorderedEventList     
00000ee1  xTaskRemoveFromEventList           
00000f61  vTaskRemoveFromUnorderedEventList  
00000fc9  vTaskSetTimeOutState               
00000fe7  vTaskInternalSetTimeOutState       
00001009  xTaskCheckForTimeOut               
0000108d  vTaskMissedYield                   
00001099  uxTaskGetTaskNumber                
000010b9  vTaskSetTaskNumber                 
00001179  vTaskGetInfo                       
00001309  uxTaskGetStackHighWaterMark        
0000137d  xTaskGetCurrentTaskHandle          
000013b1  xTaskPriorityInherit               
0000148f  xTaskPriorityDisinherit            
0000152b  vTaskPriorityDisinheritAfterTimeout
000015fd  uxTaskResetEventItemValue          
0000161f  pvTaskIncrementMutexHeldCount      
0000163d  ulTaskNotifyTake                   
000016b9  xTaskNotifyWait                    
0000175f  xTaskGenericNotify                 
00001849  xTaskGenericNotifyFromISR          
00001959  vTaskNotifyGiveFromISR             
00001a07  xTaskNotifyStateClear              
00001b01  xQueueGenericReset                 
00001b9f  xQueueGenericCreate                
00001c59  xQueueCreateMutex                  
00001c85  xQueueGiveMutexRecursive           
00001cc1  xQueueTakeMutexRecursive           
00001d05  xQueueGenericSend                  
00001e33  xQueueGenericSendFromISR           
00001ecd  xQueueGiveFromISR                  
00001f5f  xQueueReceive                      
00002079  xQueueSemaphoreTake                
000021d1  xQueuePeek                         
000022f1  xQueueReceiveFromISR               
00002389  xQueuePeekFromISR                  
000023db  uxQueueMessagesWaiting             
000023f1  uxQueueSpacesAvailable             
00002411  uxQueueMessagesWaitingFromISR      
00002423  vQueueDelete                       
00002439  uxQueueGetQueueNumber              
00002447  vQueueSetQueueNumber               
00002459  ucQueueGetQueueType                
0000264f  xQueueIsQueueEmptyFromISR          
00002691  xQueueIsQueueFullFromISR           
000026b3  vQueueAddToRegistry                
000026f5  pcQueueGetName                     
00002735  vQueueUnregisterQueue              
00002781  __error__                          
0000278d  vApplicationStackOverflowHook      
00002797  ConfigureUART                      
000027f1  PD6IntHandler                      
00002823  Timer0AIntHandler                  
00002855  main                               
00002c7d  UARTStdioConfig                    
00002cdd  UARTwrite                          
00002d2f  UARTgets                           
00002df5  UARTgetc                           
00002e29  UARTvprintf                        
00003123  UARTprintf                         
00003159  init                               
000031cd  initPWM                            
0000323d  initQEI                            
00003277  initLoopControl                    
00003307  setDIR                             
0000333f  setPWM                             
00003451  pvPortMalloc                       
00003549  vPortFree                          
000035a7  xPortGetFreeHeapSize               
000035ad  vPortInitialiseBlocks              
00003609  __aeabi_dsub                       
00003613  __aeabi_dadd                       
000037bf  __aeabi_idiv0                      
000037bf  __aeabi_ldiv0                      
000037c1  pxPortInitialiseStack              
0000382b  xPortStartScheduler                
00003861  vPortEndScheduler                  
00003863  vPortEnterCritical                 
00003883  vPortExitCritical                  
00003899  xPortSysTickHandler                
000038bf  vPortSetupTimerInterrupt           
000038fd  __aeabi_ddiv                       
00003a33  GPIOPadConfigSet                   
00003b65  vListInitialise                    
00003b95  vListInitialiseItem                
00003ba5  vListInsertEnd                     
00003be1  vListInsert                        
00003c47  uxListRemove                       
00003c91  SysCtlClockGet                     
00003da1  __aeabi_dmul                       
00003e9d  SysCtlClockSet                     
00003fa1  ulPortGetIPSR                      
00003fb9  xPortPendSVHandler                 
00004019  vPortSVCHandler                    
00004039  vPortStartFirstTask                
0000405d  vPortEnableVFP                     
0000406b  __aeabi_memcpy                     
0000406b  __aeabi_memcpy4                    
0000406b  __aeabi_memcpy8                    
0000406b  memcpy                             
00004107  __aeabi_memclr                     
00004107  __aeabi_memclr4                    
00004107  __aeabi_memclr8                    
00004109  __aeabi_memset                     
00004109  __aeabi_memset4                    
00004109  __aeabi_memset8                    
0000410f  memset                             
00004181  __aeabi_d2f                        
000041f1  IntEnable                          
00004259  __TI_decompress_lzss               
000042c1  TimerConfigure                     
00004321  GPIOIntTypeSet                     
00004379  GPIOPinConfigure                   
000043c1  __aeabi_d2iz                       
0000444d  __TI_auto_init_nobinit_nopinit     
00004491  __aeabi_uidiv                      
00004491  __aeabi_uidivmod                   
000044d1  __aeabi_f2d                        
00004509  IntRegister                        
0000453d  SysCtlPeripheralEnable             
00004571  _c_int00_noargs                    
000045a5  __aeabi_i2d                        
000045d3  GPIODirModeSet                     
000045fd  IntPrioritySet                     
00004621  PWMGenConfigure                    
00004643  PWMPulseWidthSet                   
00004661  GPIOIntRegister                    
00004679  SysCtlPWMClockSet                  
0000468d  GPIOPinTypePWM                     
0000469f  GPIOPinTypeQEI                     
000046b1  GPIOPinTypeUART                    
000046c3  PWMOutputState                     
000046d5  TimerLoadSet                       
000046e7  IntMasterDisable                   
000046f7  PWMGenPeriodSet                    
00004707  QEIConfigure                       
00004715  TimerEnable                        
00004723  __TI_decompress_none               
00004731  CPUcpsid                           
0000473d  GPIOIntEnable                      
00004749  PWMGenEnable                       
00004755  __TI_zero_init                     
00004761  ResetISR                           
0000476d  QEIDisable                         
00004777  QEIEnable                          
00004781  QEIIntDisable                      
0000478b  TimerIntEnable                     
00004793  GPIOIntClear                       
00004799  SysCtlDelay                        
0000479f  UARTClockSourceSet                 
000047a5  QEIPositionGet                     
000047a9  QEIPositionSet                     
000047ad  TimerIntClear                      
000047b1  _system_pre_init                   
000047b5  C$$EXIT                            
000047b5  abort                              
00004b84  ulMaxSyscallInterruptPriority      
00004ba0  __TI_Handler_Table_Base            
00004bac  __TI_Handler_Table_Limit           
00004bc0  __TI_CINIT_Base                    
00004bd8  __TI_CINIT_Limit                   
20000000  __start___llvm_prf_cnts            
20000000  __stop___llvm_prf_cnts             
20000000  g_pfnRAMVectors                    
200078dc  xQueueRegistry                     
200079a8  Encoder_sem                        
200079ac  Kd                                 
200079b0  Ki                                 
200079b4  Kp                                 
200079b8  PID_sem                            
200079bc  Period                             
200079c0  antiWindup                         
200079c4  dt                                 
200079c8  error                              
200079cc  error_d                            
200079d0  error_i                            
200079d4  error_old                          
200079d8  u                                  
200079dc  pos                                
200079de  pos_d                              
200079e0  __stack                            
20007be0  __STACK_END                        
20007be0  __STACK_TOP                        
20007be0  pxCurrentTCB                       
20007c24  pos_queue                          
ffffffff  __TI_pprof_out_hndl                
ffffffff  __TI_prof_data_size                
ffffffff  __TI_prof_data_start               
ffffffff  __binit__                          
ffffffff  __c_args__                         
ffffffff  binit                              
UNDEFED   __mpu_init                         
UNDEFED   _system_post_cinit                 

[219 symbols]
