<?xml version="1.0" encoding="ISO-8859-1" ?>
<link_info>
   <banner>TI ARM Linker PC v20.2.0.LTS</banner>
   <copyright>Copyright (c) 1996-2018 Texas Instruments Incorporated</copyright>
   <link_time>0x5f0f09bb</link_time>
   <link_errors>0x0</link_errors>
   <output_file>FreeRTOSExample1.out</output_file>
   <entry_point>
      <name>_c_int00_noargs</name>
      <address>0x4571</address>
   </entry_point>
   <input_file_list>
      <input_file id="fl-2">
         <path>.\</path>
         <kind>object</kind>
         <file>tm4c123gh6pm_startup_ccs.obj</file>
         <name>tm4c123gh6pm_startup_ccs.obj</name>
      </input_file>
      <input_file id="fl-3">
         <path>.\Application\</path>
         <kind>object</kind>
         <file>freertos_demo.obj</file>
         <name>freertos_demo.obj</name>
      </input_file>
      <input_file id="fl-4">
         <path>.\Application\</path>
         <kind>object</kind>
         <file>function.obj</file>
         <name>function.obj</name>
      </input_file>
      <input_file id="fl-5">
         <path>.\Application\</path>
         <kind>object</kind>
         <file>init.obj</file>
         <name>init.obj</name>
      </input_file>
      <input_file id="fl-6">
         <path>.\FreeRTOSSource\</path>
         <kind>object</kind>
         <file>croutine.obj</file>
         <name>croutine.obj</name>
      </input_file>
      <input_file id="fl-7">
         <path>.\FreeRTOSSource\</path>
         <kind>object</kind>
         <file>event_groups.obj</file>
         <name>event_groups.obj</name>
      </input_file>
      <input_file id="fl-8">
         <path>.\FreeRTOSSource\</path>
         <kind>object</kind>
         <file>heap_2.obj</file>
         <name>heap_2.obj</name>
      </input_file>
      <input_file id="fl-9">
         <path>.\FreeRTOSSource\</path>
         <kind>object</kind>
         <file>list.obj</file>
         <name>list.obj</name>
      </input_file>
      <input_file id="fl-a">
         <path>.\FreeRTOSSource\</path>
         <kind>object</kind>
         <file>port.obj</file>
         <name>port.obj</name>
      </input_file>
      <input_file id="fl-b">
         <path>.\FreeRTOSSource\</path>
         <kind>object</kind>
         <file>portasm.obj</file>
         <name>portasm.obj</name>
      </input_file>
      <input_file id="fl-c">
         <path>.\FreeRTOSSource\</path>
         <kind>object</kind>
         <file>queue.obj</file>
         <name>queue.obj</name>
      </input_file>
      <input_file id="fl-d">
         <path>.\FreeRTOSSource\</path>
         <kind>object</kind>
         <file>stream_buffer.obj</file>
         <name>stream_buffer.obj</name>
      </input_file>
      <input_file id="fl-e">
         <path>.\FreeRTOSSource\</path>
         <kind>object</kind>
         <file>tasks.obj</file>
         <name>tasks.obj</name>
      </input_file>
      <input_file id="fl-f">
         <path>.\FreeRTOSSource\</path>
         <kind>object</kind>
         <file>timers.obj</file>
         <name>timers.obj</name>
      </input_file>
      <input_file id="fl-10">
         <path>.\driver\</path>
         <kind>object</kind>
         <file>buttons.obj</file>
         <name>buttons.obj</name>
      </input_file>
      <input_file id="fl-11">
         <path>.\driver\</path>
         <kind>object</kind>
         <file>led.obj</file>
         <name>led.obj</name>
      </input_file>
      <input_file id="fl-12">
         <path>.\driver\</path>
         <kind>object</kind>
         <file>rgb.obj</file>
         <name>rgb.obj</name>
      </input_file>
      <input_file id="fl-13">
         <path>.\driver\</path>
         <kind>object</kind>
         <file>switches.obj</file>
         <name>switches.obj</name>
      </input_file>
      <input_file id="fl-14">
         <path>.\driver\</path>
         <kind>object</kind>
         <file>uartstdio.obj</file>
         <name>uartstdio.obj</name>
      </input_file>
      <input_file id="fl-19">
         <kind>object</kind>
         <file>&lt;internal&gt;</file>
         <name>&lt;internal&gt;</name>
      </input_file>
      <input_file id="fl-1a">
         <path>C:\ti\TivaWare_C_Series-2.1.4.178\driverlib\ccs\Debug\</path>
         <kind>archive</kind>
         <file>driverlib.lib</file>
         <name>gpio.obj</name>
      </input_file>
      <input_file id="fl-1b">
         <path>C:\ti\TivaWare_C_Series-2.1.4.178\driverlib\ccs\Debug\</path>
         <kind>archive</kind>
         <file>driverlib.lib</file>
         <name>interrupt.obj</name>
      </input_file>
      <input_file id="fl-1c">
         <path>C:\ti\TivaWare_C_Series-2.1.4.178\driverlib\ccs\Debug\</path>
         <kind>archive</kind>
         <file>driverlib.lib</file>
         <name>pwm.obj</name>
      </input_file>
      <input_file id="fl-1d">
         <path>C:\ti\TivaWare_C_Series-2.1.4.178\driverlib\ccs\Debug\</path>
         <kind>archive</kind>
         <file>driverlib.lib</file>
         <name>qei.obj</name>
      </input_file>
      <input_file id="fl-1e">
         <path>C:\ti\TivaWare_C_Series-2.1.4.178\driverlib\ccs\Debug\</path>
         <kind>archive</kind>
         <file>driverlib.lib</file>
         <name>sysctl.obj</name>
      </input_file>
      <input_file id="fl-1f">
         <path>C:\ti\TivaWare_C_Series-2.1.4.178\driverlib\ccs\Debug\</path>
         <kind>archive</kind>
         <file>driverlib.lib</file>
         <name>timer.obj</name>
      </input_file>
      <input_file id="fl-20">
         <path>C:\ti\TivaWare_C_Series-2.1.4.178\driverlib\ccs\Debug\</path>
         <kind>archive</kind>
         <file>driverlib.lib</file>
         <name>uart.obj</name>
      </input_file>
      <input_file id="fl-21">
         <path>C:\ti\TivaWare_C_Series-2.1.4.178\driverlib\ccs\Debug\</path>
         <kind>archive</kind>
         <file>driverlib.lib</file>
         <name>cpu.obj</name>
      </input_file>
      <input_file id="fl-d7">
         <path>C:\ti\ccs1000\ccs\tools\compiler\ti-cgt-arm_20.2.0.LTS\lib\</path>
         <kind>archive</kind>
         <file>rtsv7M4_T_le_v4SPD16_eabi.lib</file>
         <name>fd_add_t2.asm.obj</name>
      </input_file>
      <input_file id="fl-d8">
         <path>C:\ti\ccs1000\ccs\tools\compiler\ti-cgt-arm_20.2.0.LTS\lib\</path>
         <kind>archive</kind>
         <file>rtsv7M4_T_le_v4SPD16_eabi.lib</file>
         <name>fd_div_t2.asm.obj</name>
      </input_file>
      <input_file id="fl-d9">
         <path>C:\ti\ccs1000\ccs\tools\compiler\ti-cgt-arm_20.2.0.LTS\lib\</path>
         <kind>archive</kind>
         <file>rtsv7M4_T_le_v4SPD16_eabi.lib</file>
         <name>fd_mul_t2.asm.obj</name>
      </input_file>
      <input_file id="fl-da">
         <path>C:\ti\ccs1000\ccs\tools\compiler\ti-cgt-arm_20.2.0.LTS\lib\</path>
         <kind>archive</kind>
         <file>rtsv7M4_T_le_v4SPD16_eabi.lib</file>
         <name>fd_toi_t2.asm.obj</name>
      </input_file>
      <input_file id="fl-db">
         <path>C:\ti\ccs1000\ccs\tools\compiler\ti-cgt-arm_20.2.0.LTS\lib\</path>
         <kind>archive</kind>
         <file>rtsv7M4_T_le_v4SPD16_eabi.lib</file>
         <name>fd_tos_t2.asm.obj</name>
      </input_file>
      <input_file id="fl-dc">
         <path>C:\ti\ccs1000\ccs\tools\compiler\ti-cgt-arm_20.2.0.LTS\lib\</path>
         <kind>archive</kind>
         <file>rtsv7M4_T_le_v4SPD16_eabi.lib</file>
         <name>fs_tod_t2.asm.obj</name>
      </input_file>
      <input_file id="fl-dd">
         <path>C:\ti\ccs1000\ccs\tools\compiler\ti-cgt-arm_20.2.0.LTS\lib\</path>
         <kind>archive</kind>
         <file>rtsv7M4_T_le_v4SPD16_eabi.lib</file>
         <name>fs_toull_t2.asm.obj</name>
      </input_file>
      <input_file id="fl-de">
         <path>C:\ti\ccs1000\ccs\tools\compiler\ti-cgt-arm_20.2.0.LTS\lib\</path>
         <kind>archive</kind>
         <file>rtsv7M4_T_le_v4SPD16_eabi.lib</file>
         <name>i_tofd_t2.asm.obj</name>
      </input_file>
      <input_file id="fl-df">
         <path>C:\ti\ccs1000\ccs\tools\compiler\ti-cgt-arm_20.2.0.LTS\lib\</path>
         <kind>archive</kind>
         <file>rtsv7M4_T_le_v4SPD16_eabi.lib</file>
         <name>memcpy_t2.asm.obj</name>
      </input_file>
      <input_file id="fl-e0">
         <path>C:\ti\ccs1000\ccs\tools\compiler\ti-cgt-arm_20.2.0.LTS\lib\</path>
         <kind>archive</kind>
         <file>rtsv7M4_T_le_v4SPD16_eabi.lib</file>
         <name>memset_t2.asm.obj</name>
      </input_file>
      <input_file id="fl-e1">
         <path>C:\ti\ccs1000\ccs\tools\compiler\ti-cgt-arm_20.2.0.LTS\lib\</path>
         <kind>archive</kind>
         <file>rtsv7M4_T_le_v4SPD16_eabi.lib</file>
         <name>u_divt2.asm.obj</name>
      </input_file>
      <input_file id="fl-e2">
         <path>C:\ti\ccs1000\ccs\tools\compiler\ti-cgt-arm_20.2.0.LTS\lib\</path>
         <kind>archive</kind>
         <file>rtsv7M4_T_le_v4SPD16_eabi.lib</file>
         <name>copy_zero_init.c.obj</name>
      </input_file>
      <input_file id="fl-e3">
         <path>C:\ti\ccs1000\ccs\tools\compiler\ti-cgt-arm_20.2.0.LTS\lib\</path>
         <kind>archive</kind>
         <file>rtsv7M4_T_le_v4SPD16_eabi.lib</file>
         <name>copy_decompress_none.c.obj</name>
      </input_file>
      <input_file id="fl-e4">
         <path>C:\ti\ccs1000\ccs\tools\compiler\ti-cgt-arm_20.2.0.LTS\lib\</path>
         <kind>archive</kind>
         <file>rtsv7M4_T_le_v4SPD16_eabi.lib</file>
         <name>copy_decompress_lzss.c.obj</name>
      </input_file>
      <input_file id="fl-e5">
         <path>C:\ti\ccs1000\ccs\tools\compiler\ti-cgt-arm_20.2.0.LTS\lib\</path>
         <kind>archive</kind>
         <file>rtsv7M4_T_le_v4SPD16_eabi.lib</file>
         <name>boot_cortex_m.c.obj</name>
      </input_file>
      <input_file id="fl-e6">
         <path>C:\ti\ccs1000\ccs\tools\compiler\ti-cgt-arm_20.2.0.LTS\lib\</path>
         <kind>archive</kind>
         <file>rtsv7M4_T_le_v4SPD16_eabi.lib</file>
         <name>div0.asm.obj</name>
      </input_file>
      <input_file id="fl-e7">
         <path>C:\ti\ccs1000\ccs\tools\compiler\ti-cgt-arm_20.2.0.LTS\lib\</path>
         <kind>archive</kind>
         <file>rtsv7M4_T_le_v4SPD16_eabi.lib</file>
         <name>autoinit.c.obj</name>
      </input_file>
      <input_file id="fl-e8">
         <path>C:\ti\ccs1000\ccs\tools\compiler\ti-cgt-arm_20.2.0.LTS\lib\</path>
         <kind>archive</kind>
         <file>rtsv7M4_T_le_v4SPD16_eabi.lib</file>
         <name>pre_init.c.obj</name>
      </input_file>
      <input_file id="fl-e9">
         <path>C:\ti\ccs1000\ccs\tools\compiler\ti-cgt-arm_20.2.0.LTS\lib\</path>
         <kind>archive</kind>
         <file>rtsv7M4_T_le_v4SPD16_eabi.lib</file>
         <name>cpy_tbl.c.obj</name>
      </input_file>
      <input_file id="fl-ea">
         <path>C:\ti\ccs1000\ccs\tools\compiler\ti-cgt-arm_20.2.0.LTS\lib\</path>
         <kind>archive</kind>
         <file>rtsv7M4_T_le_v4SPD16_eabi.lib</file>
         <name>exit.c.obj</name>
      </input_file>
      <input_file id="fl-eb">
         <path>C:\ti\ccs1000\ccs\tools\compiler\ti-cgt-arm_20.2.0.LTS\lib\</path>
         <kind>archive</kind>
         <file>rtsv7M4_T_le_v4SPD16_eabi.lib</file>
         <name>_lock.c.obj</name>
      </input_file>
      <input_file id="fl-ec">
         <path>C:\ti\ccs1000\ccs\tools\compiler\ti-cgt-arm_20.2.0.LTS\lib\</path>
         <kind>archive</kind>
         <file>rtsv7M4_T_le_v4SPD16_eabi.lib</file>
         <name>args_main.c.obj</name>
      </input_file>
   </input_file_list>
   <object_component_list>
      <object_component id="oc-12">
         <name>.intvecs</name>
         <load_address>0x0</load_address>
         <run_address>0x0</run_address>
         <size>0x26c</size>
         <input_file_ref idref="fl-2"/>
      </object_component>
      <object_component id="oc-85">
         <name>.text</name>
         <load_address>0x26c</load_address>
         <run_address>0x26c</run_address>
         <size>0x1894</size>
         <input_file_ref idref="fl-e"/>
      </object_component>
      <object_component id="oc-ad">
         <name>.text</name>
         <load_address>0x1b00</load_address>
         <run_address>0x1b00</run_address>
         <size>0xc80</size>
         <input_file_ref idref="fl-c"/>
      </object_component>
      <object_component id="oc-38">
         <name>.text</name>
         <load_address>0x2780</load_address>
         <run_address>0x2780</run_address>
         <size>0x4fc</size>
         <input_file_ref idref="fl-3"/>
      </object_component>
      <object_component id="oc-a1">
         <name>.text</name>
         <load_address>0x2c7c</load_address>
         <run_address>0x2c7c</run_address>
         <size>0x4dc</size>
         <input_file_ref idref="fl-14"/>
      </object_component>
      <object_component id="oc-d7">
         <name>.text</name>
         <load_address>0x3158</load_address>
         <run_address>0x3158</run_address>
         <size>0x2f8</size>
         <input_file_ref idref="fl-5"/>
      </object_component>
      <object_component id="oc-15b">
         <name>.text</name>
         <load_address>0x3450</load_address>
         <run_address>0x3450</run_address>
         <size>0x1b8</size>
         <input_file_ref idref="fl-8"/>
      </object_component>
      <object_component id="oc-f7">
         <name>.text</name>
         <load_address>0x3608</load_address>
         <run_address>0x3608</run_address>
         <size>0x1b6</size>
         <input_file_ref idref="fl-d7"/>
      </object_component>
      <object_component id="oc-310">
         <name>.text</name>
         <load_address>0x37be</load_address>
         <run_address>0x37be</run_address>
         <size>0x2</size>
         <input_file_ref idref="fl-e6"/>
      </object_component>
      <object_component id="oc-32">
         <name>.text</name>
         <load_address>0x37c0</load_address>
         <run_address>0x37c0</run_address>
         <size>0x13c</size>
         <input_file_ref idref="fl-a"/>
      </object_component>
      <object_component id="oc-260">
         <name>.text</name>
         <load_address>0x38fc</load_address>
         <run_address>0x38fc</run_address>
         <size>0x136</size>
         <input_file_ref idref="fl-d8"/>
      </object_component>
      <object_component id="oc-1cf">
         <name>.text:GPIOPadConfigSet</name>
         <load_address>0x3a32</load_address>
         <run_address>0x3a32</run_address>
         <size>0x132</size>
         <input_file_ref idref="fl-1a"/>
      </object_component>
      <object_component id="oc-161">
         <name>.text</name>
         <load_address>0x3b64</load_address>
         <run_address>0x3b64</run_address>
         <size>0x12a</size>
         <input_file_ref idref="fl-9"/>
      </object_component>
      <object_component id="oc-23d">
         <name>.text:SysCtlClockGet</name>
         <load_address>0x3c90</load_address>
         <run_address>0x3c90</run_address>
         <size>0x110</size>
         <input_file_ref idref="fl-1e"/>
      </object_component>
      <object_component id="oc-f2">
         <name>.text</name>
         <load_address>0x3da0</load_address>
         <run_address>0x3da0</run_address>
         <size>0xfc</size>
         <input_file_ref idref="fl-d9"/>
      </object_component>
      <object_component id="oc-b9">
         <name>.text:SysCtlClockSet</name>
         <load_address>0x3e9c</load_address>
         <run_address>0x3e9c</run_address>
         <size>0xf4</size>
         <input_file_ref idref="fl-1e"/>
      </object_component>
      <object_component id="oc-2d">
         <name>.text</name>
         <load_address>0x3f90</load_address>
         <run_address>0x3f90</run_address>
         <size>0xda</size>
         <input_file_ref idref="fl-b"/>
      </object_component>
      <object_component id="oc-4c">
         <name>.text</name>
         <load_address>0x406a</load_address>
         <run_address>0x406a</run_address>
         <size>0x9c</size>
         <input_file_ref idref="fl-df"/>
      </object_component>
      <object_component id="oc-139">
         <name>.text</name>
         <load_address>0x4106</load_address>
         <run_address>0x4106</run_address>
         <size>0x7a</size>
         <input_file_ref idref="fl-e0"/>
      </object_component>
      <object_component id="oc-fc">
         <name>.text</name>
         <load_address>0x4180</load_address>
         <run_address>0x4180</run_address>
         <size>0x6e</size>
         <input_file_ref idref="fl-db"/>
      </object_component>
      <object_component id="oc-249">
         <name>.text:IntEnable</name>
         <load_address>0x41f0</load_address>
         <run_address>0x41f0</run_address>
         <size>0x68</size>
         <input_file_ref idref="fl-1b"/>
      </object_component>
      <object_component id="oc-15">
         <name>.text:decompress:lzss:__TI_decompress_lzss</name>
         <load_address>0x4258</load_address>
         <run_address>0x4258</run_address>
         <size>0x68</size>
         <input_file_ref idref="fl-e4"/>
      </object_component>
      <object_component id="oc-1dd">
         <name>.text:TimerConfigure</name>
         <load_address>0x42c0</load_address>
         <run_address>0x42c0</run_address>
         <size>0x60</size>
         <input_file_ref idref="fl-1f"/>
      </object_component>
      <object_component id="oc-1e3">
         <name>.text:GPIOIntTypeSet</name>
         <load_address>0x4320</load_address>
         <run_address>0x4320</run_address>
         <size>0x56</size>
         <input_file_ref idref="fl-1a"/>
      </object_component>
      <object_component id="oc-c5">
         <name>.text:GPIOPinConfigure</name>
         <load_address>0x4378</load_address>
         <run_address>0x4378</run_address>
         <size>0x48</size>
         <input_file_ref idref="fl-1a"/>
      </object_component>
      <object_component id="oc-265">
         <name>.text</name>
         <load_address>0x43c0</load_address>
         <run_address>0x43c0</run_address>
         <size>0x48</size>
         <input_file_ref idref="fl-da"/>
      </object_component>
      <object_component id="oc-334">
         <name>.text:_GPIOIntNumberGet</name>
         <load_address>0x4408</load_address>
         <run_address>0x4408</run_address>
         <size>0x44</size>
         <input_file_ref idref="fl-1a"/>
      </object_component>
      <object_component id="oc-2ab">
         <name>.text:__TI_auto_init_nobinit_nopinit:__TI_auto_init_nobinit_nopinit</name>
         <load_address>0x444c</load_address>
         <run_address>0x444c</run_address>
         <size>0x44</size>
         <input_file_ref idref="fl-e7"/>
      </object_component>
      <object_component id="oc-1a0">
         <name>.text</name>
         <load_address>0x4490</load_address>
         <run_address>0x4490</run_address>
         <size>0x40</size>
         <input_file_ref idref="fl-e1"/>
      </object_component>
      <object_component id="oc-ed">
         <name>.text</name>
         <load_address>0x44d0</load_address>
         <run_address>0x44d0</run_address>
         <size>0x38</size>
         <input_file_ref idref="fl-dc"/>
      </object_component>
      <object_component id="oc-33a">
         <name>.text:IntRegister</name>
         <load_address>0x4508</load_address>
         <run_address>0x4508</run_address>
         <size>0x34</size>
         <input_file_ref idref="fl-1b"/>
      </object_component>
      <object_component id="oc-bf">
         <name>.text:SysCtlPeripheralEnable</name>
         <load_address>0x453c</load_address>
         <run_address>0x453c</run_address>
         <size>0x34</size>
         <input_file_ref idref="fl-1e"/>
      </object_component>
      <object_component id="oc-6a">
         <name>.text:_c_int00_noargs:_c_int00_noargs</name>
         <load_address>0x4570</load_address>
         <run_address>0x4570</run_address>
         <size>0x34</size>
         <input_file_ref idref="fl-e5"/>
      </object_component>
      <object_component id="oc-25b">
         <name>.text</name>
         <load_address>0x45a4</load_address>
         <run_address>0x45a4</run_address>
         <size>0x2e</size>
         <input_file_ref idref="fl-de"/>
      </object_component>
      <object_component id="oc-1c9">
         <name>.text:GPIODirModeSet</name>
         <load_address>0x45d2</load_address>
         <run_address>0x45d2</run_address>
         <size>0x2a</size>
         <input_file_ref idref="fl-1a"/>
      </object_component>
      <object_component id="oc-1ef">
         <name>.text:IntPrioritySet</name>
         <load_address>0x45fc</load_address>
         <run_address>0x45fc</run_address>
         <size>0x24</size>
         <input_file_ref idref="fl-1b"/>
      </object_component>
      <object_component id="oc-207">
         <name>.text:PWMGenConfigure</name>
         <load_address>0x4620</load_address>
         <run_address>0x4620</run_address>
         <size>0x22</size>
         <input_file_ref idref="fl-1c"/>
      </object_component>
      <object_component id="oc-26a">
         <name>.text:PWMPulseWidthSet</name>
         <load_address>0x4642</load_address>
         <run_address>0x4642</run_address>
         <size>0x1e</size>
         <input_file_ref idref="fl-1c"/>
      </object_component>
      <object_component id="oc-1e9">
         <name>.text:GPIOIntRegister</name>
         <load_address>0x4660</load_address>
         <run_address>0x4660</run_address>
         <size>0x18</size>
         <input_file_ref idref="fl-1a"/>
      </object_component>
      <object_component id="oc-1fb">
         <name>.text:SysCtlPWMClockSet</name>
         <load_address>0x4678</load_address>
         <run_address>0x4678</run_address>
         <size>0x14</size>
         <input_file_ref idref="fl-1e"/>
      </object_component>
      <object_component id="oc-201">
         <name>.text:GPIOPinTypePWM</name>
         <load_address>0x468c</load_address>
         <run_address>0x468c</run_address>
         <size>0x12</size>
         <input_file_ref idref="fl-1a"/>
      </object_component>
      <object_component id="oc-219">
         <name>.text:GPIOPinTypeQEI</name>
         <load_address>0x469e</load_address>
         <run_address>0x469e</run_address>
         <size>0x12</size>
         <input_file_ref idref="fl-1a"/>
      </object_component>
      <object_component id="oc-cb">
         <name>.text:GPIOPinTypeUART</name>
         <load_address>0x46b0</load_address>
         <run_address>0x46b0</run_address>
         <size>0x12</size>
         <input_file_ref idref="fl-1a"/>
      </object_component>
      <object_component id="oc-e6">
         <name>.text:PWMOutputState</name>
         <load_address>0x46c2</load_address>
         <run_address>0x46c2</run_address>
         <size>0x12</size>
         <input_file_ref idref="fl-1c"/>
      </object_component>
      <object_component id="oc-243">
         <name>.text:TimerLoadSet</name>
         <load_address>0x46d4</load_address>
         <run_address>0x46d4</run_address>
         <size>0x12</size>
         <input_file_ref idref="fl-1f"/>
      </object_component>
      <object_component id="oc-d1">
         <name>.text:IntMasterDisable</name>
         <load_address>0x46e6</load_address>
         <run_address>0x46e6</run_address>
         <size>0x10</size>
         <input_file_ref idref="fl-1b"/>
      </object_component>
      <object_component id="oc-20d">
         <name>.text:PWMGenPeriodSet</name>
         <load_address>0x46f6</load_address>
         <run_address>0x46f6</run_address>
         <size>0x10</size>
         <input_file_ref idref="fl-1c"/>
      </object_component>
      <object_component id="oc-22b">
         <name>.text:QEIConfigure</name>
         <load_address>0x4706</load_address>
         <run_address>0x4706</run_address>
         <size>0xe</size>
         <input_file_ref idref="fl-1d"/>
      </object_component>
      <object_component id="oc-255">
         <name>.text:TimerEnable</name>
         <load_address>0x4714</load_address>
         <run_address>0x4714</run_address>
         <size>0xe</size>
         <input_file_ref idref="fl-1f"/>
      </object_component>
      <object_component id="oc-1b">
         <name>.text:decompress:none:__TI_decompress_none</name>
         <load_address>0x4722</load_address>
         <run_address>0x4722</run_address>
         <size>0xe</size>
         <input_file_ref idref="fl-e3"/>
      </object_component>
      <object_component id="oc-1d6">
         <name>.text:CPUcpsid</name>
         <load_address>0x4730</load_address>
         <run_address>0x4730</run_address>
         <size>0xc</size>
         <input_file_ref idref="fl-21"/>
      </object_component>
      <object_component id="oc-1f5">
         <name>.text:GPIOIntEnable</name>
         <load_address>0x473c</load_address>
         <run_address>0x473c</run_address>
         <size>0xc</size>
         <input_file_ref idref="fl-1a"/>
      </object_component>
      <object_component id="oc-213">
         <name>.text:PWMGenEnable</name>
         <load_address>0x4748</load_address>
         <run_address>0x4748</run_address>
         <size>0xc</size>
         <input_file_ref idref="fl-1c"/>
      </object_component>
      <object_component id="oc-5e">
         <name>.text:decompress:ZI:__TI_zero_init</name>
         <load_address>0x4754</load_address>
         <run_address>0x4754</run_address>
         <size>0xc</size>
         <input_file_ref idref="fl-e2"/>
      </object_component>
      <object_component id="oc-27">
         <name>.text</name>
         <load_address>0x4760</load_address>
         <run_address>0x4760</run_address>
         <size>0xc</size>
         <input_file_ref idref="fl-2"/>
      </object_component>
      <object_component id="oc-21f">
         <name>.text:QEIDisable</name>
         <load_address>0x476c</load_address>
         <run_address>0x476c</run_address>
         <size>0xa</size>
         <input_file_ref idref="fl-1d"/>
      </object_component>
      <object_component id="oc-231">
         <name>.text:QEIEnable</name>
         <load_address>0x4776</load_address>
         <run_address>0x4776</run_address>
         <size>0xa</size>
         <input_file_ref idref="fl-1d"/>
      </object_component>
      <object_component id="oc-225">
         <name>.text:QEIIntDisable</name>
         <load_address>0x4780</load_address>
         <run_address>0x4780</run_address>
         <size>0xa</size>
         <input_file_ref idref="fl-1d"/>
      </object_component>
      <object_component id="oc-24f">
         <name>.text:TimerIntEnable</name>
         <load_address>0x478a</load_address>
         <run_address>0x478a</run_address>
         <size>0x8</size>
         <input_file_ref idref="fl-1f"/>
      </object_component>
      <object_component id="oc-a7">
         <name>.text:GPIOIntClear</name>
         <load_address>0x4792</load_address>
         <run_address>0x4792</run_address>
         <size>0x6</size>
         <input_file_ref idref="fl-1a"/>
      </object_component>
      <object_component id="oc-1c1">
         <name>.text:SysCtlDelay</name>
         <load_address>0x4798</load_address>
         <run_address>0x4798</run_address>
         <size>0x6</size>
         <input_file_ref idref="fl-1e"/>
      </object_component>
      <object_component id="oc-9b">
         <name>.text:UARTClockSourceSet</name>
         <load_address>0x479e</load_address>
         <run_address>0x479e</run_address>
         <size>0x6</size>
         <input_file_ref idref="fl-20"/>
      </object_component>
      <object_component id="oc-dd">
         <name>.text:QEIPositionGet</name>
         <load_address>0x47a4</load_address>
         <run_address>0x47a4</run_address>
         <size>0x4</size>
         <input_file_ref idref="fl-1d"/>
      </object_component>
      <object_component id="oc-237">
         <name>.text:QEIPositionSet</name>
         <load_address>0x47a8</load_address>
         <run_address>0x47a8</run_address>
         <size>0x4</size>
         <input_file_ref idref="fl-1d"/>
      </object_component>
      <object_component id="oc-b3">
         <name>.text:TimerIntClear</name>
         <load_address>0x47ac</load_address>
         <run_address>0x47ac</run_address>
         <size>0x4</size>
         <input_file_ref idref="fl-1f"/>
      </object_component>
      <object_component id="oc-13f">
         <name>.text:_system_pre_init</name>
         <load_address>0x47b0</load_address>
         <run_address>0x47b0</run_address>
         <size>0x4</size>
         <input_file_ref idref="fl-e8"/>
      </object_component>
      <object_component id="oc-29f">
         <name>.text:abort:abort</name>
         <load_address>0x47b4</load_address>
         <run_address>0x47b4</run_address>
         <size>0x4</size>
         <input_file_ref idref="fl-ea"/>
      </object_component>
      <object_component id="oc-3a2">
         <name>.const:g_ppui32GPIOIntMapSnowflake</name>
         <load_address>0x47b8</load_address>
         <run_address>0x47b8</run_address>
         <size>0xd8</size>
         <input_file_ref idref="fl-1a"/>
      </object_component>
      <object_component id="oc-39f">
         <name>.const:g_ppui32GPIOIntMapBlizzard</name>
         <load_address>0x4890</load_address>
         <run_address>0x4890</run_address>
         <size>0xc0</size>
         <input_file_ref idref="fl-1a"/>
      </object_component>
      <object_component id="oc-341">
         <name>.const:g_pui32Regs</name>
         <load_address>0x4950</load_address>
         <run_address>0x4950</run_address>
         <size>0x9c</size>
         <input_file_ref idref="fl-1b"/>
      </object_component>
      <object_component id="oc-1c5">
         <name>.const:g_pui32GPIOBaseAddrs</name>
         <load_address>0x49ec</load_address>
         <run_address>0x49ec</run_address>
         <size>0x90</size>
         <input_file_ref idref="fl-1a"/>
      </object_component>
      <object_component id="oc-357">
         <name>.const</name>
         <load_address>0x4a7c</load_address>
         <run_address>0x4a7c</run_address>
         <size>0x70</size>
         <input_file_ref idref="fl-1b"/>
      </object_component>
      <object_component id="oc-352">
         <name>.const:g_pui32Xtals</name>
         <load_address>0x4aec</load_address>
         <run_address>0x4aec</run_address>
         <size>0x6c</size>
         <input_file_ref idref="fl-1e"/>
      </object_component>
      <object_component id="oc-316">
         <name>.const:.string</name>
         <load_address>0x4b58</load_address>
         <run_address>0x4b58</run_address>
         <size>0x12</size>
         <input_file_ref idref="fl-14"/>
      </object_component>
      <object_component id="oc-19d">
         <name>.const:g_ui32UARTBase</name>
         <load_address>0x4b6c</load_address>
         <run_address>0x4b6c</run_address>
         <size>0xc</size>
         <input_file_ref idref="fl-14"/>
      </object_component>
      <object_component id="oc-197">
         <name>.const:g_ui32UARTPeriph</name>
         <load_address>0x4b78</load_address>
         <run_address>0x4b78</run_address>
         <size>0xc</size>
         <input_file_ref idref="fl-14"/>
      </object_component>
      <object_component id="oc-82">
         <name>.const</name>
         <load_address>0x4b84</load_address>
         <run_address>0x4b84</run_address>
         <size>0x4</size>
         <input_file_ref idref="fl-a"/>
      </object_component>
      <object_component id="oc-1a5">
         <name>.const</name>
         <load_address>0x4b88</load_address>
         <run_address>0x4b88</run_address>
         <size>0x4</size>
         <input_file_ref idref="fl-14"/>
      </object_component>
      <object_component id="oc-420">
         <name>.cinit..data.load</name>
         <load_address>0x4b90</load_address>
         <run_address>0x4b90</run_address>
         <size>0x10</size>
      </object_component>
      <object_component id="oc-41d">
         <name>__TI_handler_table</name>
         <load_address>0x4ba0</load_address>
         <run_address>0x4ba0</run_address>
         <size>0xc</size>
      </object_component>
      <object_component id="oc-421">
         <name>.cinit..bss.load</name>
         <load_address>0x4bb0</load_address>
         <run_address>0x4bb0</run_address>
         <size>0x8</size>
      </object_component>
      <object_component id="oc-41f">
         <name>.cinit..vtable.load</name>
         <load_address>0x4bb8</load_address>
         <run_address>0x4bb8</run_address>
         <size>0x8</size>
      </object_component>
      <object_component id="oc-41e">
         <name>__TI_cinit_table</name>
         <load_address>0x4bc0</load_address>
         <run_address>0x4bc0</run_address>
         <size>0x18</size>
      </object_component>
      <object_component id="oc-3a6">
         <name>.vtable</name>
         <uninitialized>true</uninitialized>
         <run_address>0x20000000</run_address>
         <size>0x26c</size>
         <input_file_ref idref="fl-1b"/>
      </object_component>
      <object_component id="oc-101">
         <name>.data</name>
         <load_address>0x20007c24</load_address>
         <run_address>0x20007c24</run_address>
         <size>0x4</size>
         <input_file_ref idref="fl-3"/>
      </object_component>
      <object_component id="oc-2e9">
         <name>.data</name>
         <load_address>0x20007c14</load_address>
         <run_address>0x20007c14</run_address>
         <size>0x8</size>
         <input_file_ref idref="fl-8"/>
      </object_component>
      <object_component id="oc-8c">
         <name>.data</name>
         <load_address>0x20007c28</load_address>
         <run_address>0x20007c28</run_address>
         <size>0x4</size>
         <input_file_ref idref="fl-a"/>
      </object_component>
      <object_component id="oc-7f">
         <name>.data</name>
         <load_address>0x20007be0</load_address>
         <run_address>0x20007be0</run_address>
         <size>0x34</size>
         <input_file_ref idref="fl-e"/>
      </object_component>
      <object_component id="oc-19a">
         <name>.data</name>
         <load_address>0x20007c1c</load_address>
         <run_address>0x20007c1c</run_address>
         <size>0x5</size>
         <input_file_ref idref="fl-14"/>
      </object_component>
      <object_component id="oc-2f2">
         <name>.bss:ucHeap</name>
         <uninitialized>true</uninitialized>
         <run_address>0x2000026c</run_address>
         <size>0x7530</size>
         <input_file_ref idref="fl-8"/>
      </object_component>
      <object_component id="oc-2ec">
         <name>.bss:xStart</name>
         <uninitialized>true</uninitialized>
         <run_address>0x200079a0</run_address>
         <size>0x8</size>
         <input_file_ref idref="fl-8"/>
      </object_component>
      <object_component id="oc-2ef">
         <name>.bss:xEnd</name>
         <uninitialized>true</uninitialized>
         <run_address>0x20007998</run_address>
         <size>0x8</size>
         <input_file_ref idref="fl-8"/>
      </object_component>
      <object_component id="oc-167">
         <name>.bss:pxReadyTasksLists</name>
         <uninitialized>true</uninitialized>
         <run_address>0x2000779c</run_address>
         <size>0x140</size>
         <input_file_ref idref="fl-e"/>
      </object_component>
      <object_component id="oc-176">
         <name>.bss:xDelayedTaskList1</name>
         <uninitialized>true</uninitialized>
         <run_address>0x2000792c</run_address>
         <size>0x14</size>
         <input_file_ref idref="fl-e"/>
      </object_component>
      <object_component id="oc-179">
         <name>.bss:xDelayedTaskList2</name>
         <uninitialized>true</uninitialized>
         <run_address>0x20007940</run_address>
         <size>0x14</size>
         <input_file_ref idref="fl-e"/>
      </object_component>
      <object_component id="oc-16d">
         <name>.bss</name>
         <uninitialized>true</uninitialized>
         <run_address>0x20007990</run_address>
         <size>0x8</size>
         <input_file_ref idref="fl-e"/>
      </object_component>
      <object_component id="oc-173">
         <name>.bss:xPendingReadyList</name>
         <uninitialized>true</uninitialized>
         <run_address>0x20007954</run_address>
         <size>0x14</size>
         <input_file_ref idref="fl-e"/>
      </object_component>
      <object_component id="oc-16a">
         <name>.bss:xTasksWaitingTermination</name>
         <uninitialized>true</uninitialized>
         <run_address>0x2000797c</run_address>
         <size>0x14</size>
         <input_file_ref idref="fl-e"/>
      </object_component>
      <object_component id="oc-170">
         <name>.bss:xSuspendedTaskList</name>
         <uninitialized>true</uninitialized>
         <run_address>0x20007968</run_address>
         <size>0x14</size>
         <input_file_ref idref="fl-e"/>
      </object_component>
      <object_component id="oc-270">
         <name>.common:Period</name>
         <uninitialized>true</uninitialized>
         <run_address>0x200079bc</run_address>
         <size>0x4</size>
      </object_component>
      <object_component id="oc-104">
         <name>.common:pos</name>
         <uninitialized>true</uninitialized>
         <run_address>0x200079dc</run_address>
         <size>0x2</size>
      </object_component>
      <object_component id="oc-108">
         <name>.common:pos_d</name>
         <uninitialized>true</uninitialized>
         <run_address>0x200079de</run_address>
         <size>0x2</size>
      </object_component>
      <object_component id="oc-107">
         <name>.common:error</name>
         <uninitialized>true</uninitialized>
         <run_address>0x200079c8</run_address>
         <size>0x4</size>
      </object_component>
      <object_component id="oc-10c">
         <name>.common:u</name>
         <uninitialized>true</uninitialized>
         <run_address>0x200079d8</run_address>
         <size>0x4</size>
      </object_component>
      <object_component id="oc-10e">
         <name>.common:Kp</name>
         <uninitialized>true</uninitialized>
         <run_address>0x200079b4</run_address>
         <size>0x4</size>
      </object_component>
      <object_component id="oc-10d">
         <name>.common:Kd</name>
         <uninitialized>true</uninitialized>
         <run_address>0x200079ac</run_address>
         <size>0x4</size>
      </object_component>
      <object_component id="oc-110">
         <name>.common:Ki</name>
         <uninitialized>true</uninitialized>
         <run_address>0x200079b0</run_address>
         <size>0x4</size>
      </object_component>
      <object_component id="oc-10f">
         <name>.common:error_i</name>
         <uninitialized>true</uninitialized>
         <run_address>0x200079d0</run_address>
         <size>0x4</size>
      </object_component>
      <object_component id="oc-109">
         <name>.common:error_d</name>
         <uninitialized>true</uninitialized>
         <run_address>0x200079cc</run_address>
         <size>0x4</size>
      </object_component>
      <object_component id="oc-10a">
         <name>.common:error_old</name>
         <uninitialized>true</uninitialized>
         <run_address>0x200079d4</run_address>
         <size>0x4</size>
      </object_component>
      <object_component id="oc-10b">
         <name>.common:dt</name>
         <uninitialized>true</uninitialized>
         <run_address>0x200079c4</run_address>
         <size>0x4</size>
      </object_component>
      <object_component id="oc-111">
         <name>.common:antiWindup</name>
         <uninitialized>true</uninitialized>
         <run_address>0x200079c0</run_address>
         <size>0x4</size>
      </object_component>
      <object_component id="oc-ec">
         <name>.common:Encoder_sem</name>
         <uninitialized>true</uninitialized>
         <run_address>0x200079a8</run_address>
         <size>0x4</size>
      </object_component>
      <object_component id="oc-e3">
         <name>.common:PID_sem</name>
         <uninitialized>true</uninitialized>
         <run_address>0x200079b8</run_address>
         <size>0x4</size>
      </object_component>
      <object_component id="oc-1b1">
         <name>.common:xQueueRegistry</name>
         <uninitialized>true</uninitialized>
         <run_address>0x200078dc</run_address>
         <size>0x50</size>
      </object_component>
      <object_component id="oc-24">
         <name>.stack</name>
         <uninitialized>true</uninitialized>
         <run_address>0x200079e0</run_address>
         <size>0x4</size>
         <input_file_ref idref="fl-e5"/>
      </object_component>
      <object_component id="oc-423">
         <name>.stack</name>
         <uninitialized>true</uninitialized>
         <run_address>0x200079e0</run_address>
         <size>0x0</size>
      </object_component>
      <object_component id="oc-40">
         <name>.debug_info</name>
         <load_address>0x0</load_address>
         <run_address>0x0</run_address>
         <size>0x37a</size>
         <input_file_ref idref="fl-2"/>
      </object_component>
      <object_component id="oc-13">
         <name>.debug_info</name>
         <load_address>0x37a</load_address>
         <run_address>0x37a</run_address>
         <size>0x10f</size>
         <input_file_ref idref="fl-2"/>
      </object_component>
      <object_component id="oc-28">
         <name>.debug_info</name>
         <load_address>0x489</load_address>
         <run_address>0x489</run_address>
         <size>0x28b</size>
         <input_file_ref idref="fl-2"/>
      </object_component>
      <object_component id="oc-11f">
         <name>.debug_info</name>
         <load_address>0x714</load_address>
         <run_address>0x714</run_address>
         <size>0x26b</size>
         <input_file_ref idref="fl-2"/>
      </object_component>
      <object_component id="oc-47">
         <name>.debug_info</name>
         <load_address>0x97f</load_address>
         <run_address>0x97f</run_address>
         <size>0x84</size>
         <input_file_ref idref="fl-2"/>
      </object_component>
      <object_component id="oc-28a">
         <name>.debug_info</name>
         <load_address>0xa03</load_address>
         <run_address>0xa03</run_address>
         <size>0x2a4</size>
         <input_file_ref idref="fl-2"/>
      </object_component>
      <object_component id="oc-113">
         <name>.debug_info</name>
         <load_address>0xca7</load_address>
         <run_address>0xca7</run_address>
         <size>0xbb</size>
         <input_file_ref idref="fl-2"/>
      </object_component>
      <object_component id="oc-e4">
         <name>.debug_info</name>
         <load_address>0xd62</load_address>
         <run_address>0xd62</run_address>
         <size>0xa92</size>
         <input_file_ref idref="fl-3"/>
      </object_component>
      <object_component id="oc-102">
         <name>.debug_info</name>
         <load_address>0x17f4</load_address>
         <run_address>0x17f4</run_address>
         <size>0x10a</size>
         <input_file_ref idref="fl-3"/>
      </object_component>
      <object_component id="oc-39">
         <name>.debug_info</name>
         <load_address>0x18fe</load_address>
         <run_address>0x18fe</run_address>
         <size>0xada</size>
         <input_file_ref idref="fl-3"/>
      </object_component>
      <object_component id="oc-154">
         <name>.debug_info</name>
         <load_address>0x23d8</load_address>
         <run_address>0x23d8</run_address>
         <size>0x30c</size>
         <input_file_ref idref="fl-3"/>
      </object_component>
      <object_component id="oc-1ba">
         <name>.debug_info</name>
         <load_address>0x26e4</load_address>
         <run_address>0x26e4</run_address>
         <size>0x110</size>
         <input_file_ref idref="fl-3"/>
      </object_component>
      <object_component id="oc-276">
         <name>.debug_info</name>
         <load_address>0x27f4</load_address>
         <run_address>0x27f4</run_address>
         <size>0x44c</size>
         <input_file_ref idref="fl-3"/>
      </object_component>
      <object_component id="oc-118">
         <name>.debug_info</name>
         <load_address>0x2c40</load_address>
         <run_address>0x2c40</run_address>
         <size>0x8b</size>
         <input_file_ref idref="fl-3"/>
      </object_component>
      <object_component id="oc-1b5">
         <name>.debug_info</name>
         <load_address>0x2ccb</load_address>
         <run_address>0x2ccb</run_address>
         <size>0x46</size>
         <input_file_ref idref="fl-3"/>
      </object_component>
      <object_component id="oc-27b">
         <name>.debug_info</name>
         <load_address>0x2d11</load_address>
         <run_address>0x2d11</run_address>
         <size>0x2c</size>
         <input_file_ref idref="fl-3"/>
      </object_component>
      <object_component id="oc-91">
         <name>.debug_info</name>
         <load_address>0x2d3d</load_address>
         <run_address>0x2d3d</run_address>
         <size>0x2c</size>
         <input_file_ref idref="fl-3"/>
      </object_component>
      <object_component id="oc-96">
         <name>.debug_info</name>
         <load_address>0x2d69</load_address>
         <run_address>0x2d69</run_address>
         <size>0x53</size>
         <input_file_ref idref="fl-3"/>
      </object_component>
      <object_component id="oc-1aa">
         <name>.debug_info</name>
         <load_address>0x2dbc</load_address>
         <run_address>0x2dbc</run_address>
         <size>0x2c</size>
         <input_file_ref idref="fl-3"/>
      </object_component>
      <object_component id="oc-186">
         <name>.debug_info</name>
         <load_address>0x2de8</load_address>
         <run_address>0x2de8</run_address>
         <size>0x14c</size>
         <input_file_ref idref="fl-3"/>
      </object_component>
      <object_component id="oc-105">
         <name>.debug_info</name>
         <load_address>0x2f34</load_address>
         <run_address>0x2f34</run_address>
         <size>0x96b</size>
         <input_file_ref idref="fl-5"/>
      </object_component>
      <object_component id="oc-d8">
         <name>.debug_info</name>
         <load_address>0x389f</load_address>
         <run_address>0x389f</run_address>
         <size>0x72e</size>
         <input_file_ref idref="fl-5"/>
      </object_component>
      <object_component id="oc-307">
         <name>.debug_info</name>
         <load_address>0x3fcd</load_address>
         <run_address>0x3fcd</run_address>
         <size>0x1fd</size>
         <input_file_ref idref="fl-6"/>
      </object_component>
      <object_component id="oc-18b">
         <name>.debug_info</name>
         <load_address>0x41ca</load_address>
         <run_address>0x41ca</run_address>
         <size>0x44c</size>
         <input_file_ref idref="fl-6"/>
      </object_component>
      <object_component id="oc-399">
         <name>.debug_info</name>
         <load_address>0x4616</load_address>
         <run_address>0x4616</run_address>
         <size>0xcc</size>
         <input_file_ref idref="fl-6"/>
      </object_component>
      <object_component id="oc-181">
         <name>.debug_info</name>
         <load_address>0x46e2</load_address>
         <run_address>0x46e2</run_address>
         <size>0x53</size>
         <input_file_ref idref="fl-6"/>
      </object_component>
      <object_component id="oc-385">
         <name>.debug_info</name>
         <load_address>0x4735</load_address>
         <run_address>0x4735</run_address>
         <size>0x631</size>
         <input_file_ref idref="fl-7"/>
      </object_component>
      <object_component id="oc-3d5">
         <name>.debug_info</name>
         <load_address>0x4d66</load_address>
         <run_address>0x4d66</run_address>
         <size>0x39</size>
         <input_file_ref idref="fl-7"/>
      </object_component>
      <object_component id="oc-2df">
         <name>.debug_info</name>
         <load_address>0x4d9f</load_address>
         <run_address>0x4d9f</run_address>
         <size>0x46</size>
         <input_file_ref idref="fl-7"/>
      </object_component>
      <object_component id="oc-3da">
         <name>.debug_info</name>
         <load_address>0x4de5</load_address>
         <run_address>0x4de5</run_address>
         <size>0x76</size>
         <input_file_ref idref="fl-7"/>
      </object_component>
      <object_component id="oc-2f6">
         <name>.debug_info</name>
         <load_address>0x4e5b</load_address>
         <run_address>0x4e5b</run_address>
         <size>0x418</size>
         <input_file_ref idref="fl-8"/>
      </object_component>
      <object_component id="oc-2f3">
         <name>.debug_info</name>
         <load_address>0x5273</load_address>
         <run_address>0x5273</run_address>
         <size>0xff</size>
         <input_file_ref idref="fl-8"/>
      </object_component>
      <object_component id="oc-2ed">
         <name>.debug_info</name>
         <load_address>0x5372</load_address>
         <run_address>0x5372</run_address>
         <size>0xff</size>
         <input_file_ref idref="fl-8"/>
      </object_component>
      <object_component id="oc-2f0">
         <name>.debug_info</name>
         <load_address>0x5471</load_address>
         <run_address>0x5471</run_address>
         <size>0xfb</size>
         <input_file_ref idref="fl-8"/>
      </object_component>
      <object_component id="oc-2ea">
         <name>.debug_info</name>
         <load_address>0x556c</load_address>
         <run_address>0x556c</run_address>
         <size>0x119</size>
         <input_file_ref idref="fl-8"/>
      </object_component>
      <object_component id="oc-15d">
         <name>.debug_info</name>
         <load_address>0x5685</load_address>
         <run_address>0x5685</run_address>
         <size>0x60b</size>
         <input_file_ref idref="fl-8"/>
      </object_component>
      <object_component id="oc-38a">
         <name>.debug_info</name>
         <load_address>0x5c90</load_address>
         <run_address>0x5c90</run_address>
         <size>0x62</size>
         <input_file_ref idref="fl-8"/>
      </object_component>
      <object_component id="oc-2f8">
         <name>.debug_info</name>
         <load_address>0x5cf2</load_address>
         <run_address>0x5cf2</run_address>
         <size>0x385</size>
         <input_file_ref idref="fl-9"/>
      </object_component>
      <object_component id="oc-163">
         <name>.debug_info</name>
         <load_address>0x6077</load_address>
         <run_address>0x6077</run_address>
         <size>0x50d</size>
         <input_file_ref idref="fl-9"/>
      </object_component>
      <object_component id="oc-90">
         <name>.debug_info</name>
         <load_address>0x6584</load_address>
         <run_address>0x6584</run_address>
         <size>0x404</size>
         <input_file_ref idref="fl-a"/>
      </object_component>
      <object_component id="oc-83">
         <name>.debug_info</name>
         <load_address>0x6988</load_address>
         <run_address>0x6988</run_address>
         <size>0x12c</size>
         <input_file_ref idref="fl-a"/>
      </object_component>
      <object_component id="oc-8d">
         <name>.debug_info</name>
         <load_address>0x6ab4</load_address>
         <run_address>0x6ab4</run_address>
         <size>0x113</size>
         <input_file_ref idref="fl-a"/>
      </object_component>
      <object_component id="oc-34">
         <name>.debug_info</name>
         <load_address>0x6bc7</load_address>
         <run_address>0x6bc7</run_address>
         <size>0x5c3</size>
         <input_file_ref idref="fl-a"/>
      </object_component>
      <object_component id="oc-30">
         <name>.debug_info</name>
         <load_address>0x718a</load_address>
         <run_address>0x718a</run_address>
         <size>0x261</size>
         <input_file_ref idref="fl-b"/>
      </object_component>
      <object_component id="oc-1b2">
         <name>.debug_info</name>
         <load_address>0x73eb</load_address>
         <run_address>0x73eb</run_address>
         <size>0x847</size>
         <input_file_ref idref="fl-c"/>
      </object_component>
      <object_component id="oc-ae">
         <name>.debug_info</name>
         <load_address>0x7c32</load_address>
         <run_address>0x7c32</run_address>
         <size>0x3498</size>
         <input_file_ref idref="fl-c"/>
      </object_component>
      <object_component id="oc-31f">
         <name>.debug_info</name>
         <load_address>0xb0ca</load_address>
         <run_address>0xb0ca</run_address>
         <size>0x1cd</size>
         <input_file_ref idref="fl-c"/>
      </object_component>
      <object_component id="oc-296">
         <name>.debug_info</name>
         <load_address>0xb297</load_address>
         <run_address>0xb297</run_address>
         <size>0x2c</size>
         <input_file_ref idref="fl-d"/>
      </object_component>
      <object_component id="oc-153">
         <name>.debug_info</name>
         <load_address>0xb2c3</load_address>
         <run_address>0xb2c3</run_address>
         <size>0x7a8</size>
         <input_file_ref idref="fl-e"/>
      </object_component>
      <object_component id="oc-80">
         <name>.debug_info</name>
         <load_address>0xba6b</load_address>
         <run_address>0xba6b</run_address>
         <size>0x36e</size>
         <input_file_ref idref="fl-e"/>
      </object_component>
      <object_component id="oc-168">
         <name>.debug_info</name>
         <load_address>0xbdd9</load_address>
         <run_address>0xbdd9</run_address>
         <size>0x115</size>
         <input_file_ref idref="fl-e"/>
      </object_component>
      <object_component id="oc-177">
         <name>.debug_info</name>
         <load_address>0xbeee</load_address>
         <run_address>0xbeee</run_address>
         <size>0x115</size>
         <input_file_ref idref="fl-e"/>
      </object_component>
      <object_component id="oc-17a">
         <name>.debug_info</name>
         <load_address>0xc003</load_address>
         <run_address>0xc003</run_address>
         <size>0x115</size>
         <input_file_ref idref="fl-e"/>
      </object_component>
      <object_component id="oc-16e">
         <name>.debug_info</name>
         <load_address>0xc118</load_address>
         <run_address>0xc118</run_address>
         <size>0x158</size>
         <input_file_ref idref="fl-e"/>
      </object_component>
      <object_component id="oc-174">
         <name>.debug_info</name>
         <load_address>0xc270</load_address>
         <run_address>0xc270</run_address>
         <size>0x115</size>
         <input_file_ref idref="fl-e"/>
      </object_component>
      <object_component id="oc-16b">
         <name>.debug_info</name>
         <load_address>0xc385</load_address>
         <run_address>0xc385</run_address>
         <size>0x123</size>
         <input_file_ref idref="fl-e"/>
      </object_component>
      <object_component id="oc-171">
         <name>.debug_info</name>
         <load_address>0xc4a8</load_address>
         <run_address>0xc4a8</run_address>
         <size>0x117</size>
         <input_file_ref idref="fl-e"/>
      </object_component>
      <object_component id="oc-86">
         <name>.debug_info</name>
         <load_address>0xc5bf</load_address>
         <run_address>0xc5bf</run_address>
         <size>0x4b70</size>
         <input_file_ref idref="fl-e"/>
      </object_component>
      <object_component id="oc-2e4">
         <name>.debug_info</name>
         <load_address>0x1112f</load_address>
         <run_address>0x1112f</run_address>
         <size>0x146</size>
         <input_file_ref idref="fl-e"/>
      </object_component>
      <object_component id="oc-1a9">
         <name>.debug_info</name>
         <load_address>0x11275</load_address>
         <run_address>0x11275</run_address>
         <size>0x2c1</size>
         <input_file_ref idref="fl-14"/>
      </object_component>
      <object_component id="oc-19b">
         <name>.debug_info</name>
         <load_address>0x11536</load_address>
         <run_address>0x11536</run_address>
         <size>0x102</size>
         <input_file_ref idref="fl-14"/>
      </object_component>
      <object_component id="oc-1a6">
         <name>.debug_info</name>
         <load_address>0x11638</load_address>
         <run_address>0x11638</run_address>
         <size>0xfc</size>
         <input_file_ref idref="fl-14"/>
      </object_component>
      <object_component id="oc-19e">
         <name>.debug_info</name>
         <load_address>0x11734</load_address>
         <run_address>0x11734</run_address>
         <size>0x10a</size>
         <input_file_ref idref="fl-14"/>
      </object_component>
      <object_component id="oc-198">
         <name>.debug_info</name>
         <load_address>0x1183e</load_address>
         <run_address>0x1183e</run_address>
         <size>0x10e</size>
         <input_file_ref idref="fl-14"/>
      </object_component>
      <object_component id="oc-a3">
         <name>.debug_info</name>
         <load_address>0x1194c</load_address>
         <run_address>0x1194c</run_address>
         <size>0x77e</size>
         <input_file_ref idref="fl-14"/>
      </object_component>
      <object_component id="oc-1b0">
         <name>.debug_info</name>
         <load_address>0x120ca</load_address>
         <run_address>0x120ca</run_address>
         <size>0x240</size>
         <input_file_ref idref="fl-1a"/>
      </object_component>
      <object_component id="oc-3a0">
         <name>.debug_info</name>
         <load_address>0x1230a</load_address>
         <run_address>0x1230a</run_address>
         <size>0x167</size>
         <input_file_ref idref="fl-1a"/>
      </object_component>
      <object_component id="oc-3a3">
         <name>.debug_info</name>
         <load_address>0x12471</load_address>
         <run_address>0x12471</run_address>
         <size>0x169</size>
         <input_file_ref idref="fl-1a"/>
      </object_component>
      <object_component id="oc-1c6">
         <name>.debug_info</name>
         <load_address>0x125da</load_address>
         <run_address>0x125da</run_address>
         <size>0x15b</size>
         <input_file_ref idref="fl-1a"/>
      </object_component>
      <object_component id="oc-1ca">
         <name>.debug_info</name>
         <load_address>0x12735</load_address>
         <run_address>0x12735</run_address>
         <size>0x2b3</size>
         <input_file_ref idref="fl-1a"/>
      </object_component>
      <object_component id="oc-1d0">
         <name>.debug_info</name>
         <load_address>0x129e8</load_address>
         <run_address>0x129e8</run_address>
         <size>0x316</size>
         <input_file_ref idref="fl-1a"/>
      </object_component>
      <object_component id="oc-cf">
         <name>.debug_info</name>
         <load_address>0x12cfe</load_address>
         <run_address>0x12cfe</run_address>
         <size>0x27b</size>
         <input_file_ref idref="fl-1a"/>
      </object_component>
      <object_component id="oc-21d">
         <name>.debug_info</name>
         <load_address>0x12f79</load_address>
         <run_address>0x12f79</run_address>
         <size>0x279</size>
         <input_file_ref idref="fl-1a"/>
      </object_component>
      <object_component id="oc-205">
         <name>.debug_info</name>
         <load_address>0x131f2</load_address>
         <run_address>0x131f2</run_address>
         <size>0x279</size>
         <input_file_ref idref="fl-1a"/>
      </object_component>
      <object_component id="oc-c9">
         <name>.debug_info</name>
         <load_address>0x1346b</load_address>
         <run_address>0x1346b</run_address>
         <size>0x280</size>
         <input_file_ref idref="fl-1a"/>
      </object_component>
      <object_component id="oc-338">
         <name>.debug_info</name>
         <load_address>0x136eb</load_address>
         <run_address>0x136eb</run_address>
         <size>0x298</size>
         <input_file_ref idref="fl-1a"/>
      </object_component>
      <object_component id="oc-1e7">
         <name>.debug_info</name>
         <load_address>0x13983</load_address>
         <run_address>0x13983</run_address>
         <size>0x2bb</size>
         <input_file_ref idref="fl-1a"/>
      </object_component>
      <object_component id="oc-1eb">
         <name>.debug_info</name>
         <load_address>0x13c3e</load_address>
         <run_address>0x13c3e</run_address>
         <size>0x2cf</size>
         <input_file_ref idref="fl-1a"/>
      </object_component>
      <object_component id="oc-1f7">
         <name>.debug_info</name>
         <load_address>0x13f0d</load_address>
         <run_address>0x13f0d</run_address>
         <size>0x28f</size>
         <input_file_ref idref="fl-1a"/>
      </object_component>
      <object_component id="oc-a9">
         <name>.debug_info</name>
         <load_address>0x1419c</load_address>
         <run_address>0x1419c</run_address>
         <size>0x28d</size>
         <input_file_ref idref="fl-1a"/>
      </object_component>
      <object_component id="oc-191">
         <name>.debug_info</name>
         <load_address>0x14429</load_address>
         <run_address>0x14429</run_address>
         <size>0x18b</size>
         <input_file_ref idref="fl-1a"/>
      </object_component>
      <object_component id="oc-345">
         <name>.debug_info</name>
         <load_address>0x145b4</load_address>
         <run_address>0x145b4</run_address>
         <size>0x20e</size>
         <input_file_ref idref="fl-1b"/>
      </object_component>
      <object_component id="oc-358">
         <name>.debug_info</name>
         <load_address>0x147c2</load_address>
         <run_address>0x147c2</run_address>
         <size>0x210</size>
         <input_file_ref idref="fl-1b"/>
      </object_component>
      <object_component id="oc-342">
         <name>.debug_info</name>
         <load_address>0x149d2</load_address>
         <run_address>0x149d2</run_address>
         <size>0x14e</size>
         <input_file_ref idref="fl-1b"/>
      </object_component>
      <object_component id="oc-3a7">
         <name>.debug_info</name>
         <load_address>0x14b20</load_address>
         <run_address>0x14b20</run_address>
         <size>0x157</size>
         <input_file_ref idref="fl-1b"/>
      </object_component>
      <object_component id="oc-33d">
         <name>.debug_info</name>
         <load_address>0x14c77</load_address>
         <run_address>0x14c77</run_address>
         <size>0x2c1</size>
         <input_file_ref idref="fl-1b"/>
      </object_component>
      <object_component id="oc-1f2">
         <name>.debug_info</name>
         <load_address>0x14f38</load_address>
         <run_address>0x14f38</run_address>
         <size>0x2c9</size>
         <input_file_ref idref="fl-1b"/>
      </object_component>
      <object_component id="oc-d5">
         <name>.debug_info</name>
         <load_address>0x15201</load_address>
         <run_address>0x15201</run_address>
         <size>0x240</size>
         <input_file_ref idref="fl-1b"/>
      </object_component>
      <object_component id="oc-24c">
         <name>.debug_info</name>
         <load_address>0x15441</load_address>
         <run_address>0x15441</run_address>
         <size>0x268</size>
         <input_file_ref idref="fl-1b"/>
      </object_component>
      <object_component id="oc-281">
         <name>.debug_info</name>
         <load_address>0x156a9</load_address>
         <run_address>0x156a9</run_address>
         <size>0x1ed</size>
         <input_file_ref idref="fl-1c"/>
      </object_component>
      <object_component id="oc-26d">
         <name>.debug_info</name>
         <load_address>0x15896</load_address>
         <run_address>0x15896</run_address>
         <size>0x2f6</size>
         <input_file_ref idref="fl-1c"/>
      </object_component>
      <object_component id="oc-e9">
         <name>.debug_info</name>
         <load_address>0x15b8c</load_address>
         <run_address>0x15b8c</run_address>
         <size>0x2c4</size>
         <input_file_ref idref="fl-1c"/>
      </object_component>
      <object_component id="oc-210">
         <name>.debug_info</name>
         <load_address>0x15e50</load_address>
         <run_address>0x15e50</run_address>
         <size>0x2b6</size>
         <input_file_ref idref="fl-1c"/>
      </object_component>
      <object_component id="oc-216">
         <name>.debug_info</name>
         <load_address>0x16106</load_address>
         <run_address>0x16106</run_address>
         <size>0x276</size>
         <input_file_ref idref="fl-1c"/>
      </object_component>
      <object_component id="oc-20a">
         <name>.debug_info</name>
         <load_address>0x1637c</load_address>
         <run_address>0x1637c</run_address>
         <size>0x2b3</size>
         <input_file_ref idref="fl-1c"/>
      </object_component>
      <object_component id="oc-273">
         <name>.debug_info</name>
         <load_address>0x1662f</load_address>
         <run_address>0x1662f</run_address>
         <size>0x1e8</size>
         <input_file_ref idref="fl-1d"/>
      </object_component>
      <object_component id="oc-238">
         <name>.debug_info</name>
         <load_address>0x16817</load_address>
         <run_address>0x16817</run_address>
         <size>0x28b</size>
         <input_file_ref idref="fl-1d"/>
      </object_component>
      <object_component id="oc-de">
         <name>.debug_info</name>
         <load_address>0x16aa2</load_address>
         <run_address>0x16aa2</run_address>
         <size>0x24d</size>
         <input_file_ref idref="fl-1d"/>
      </object_component>
      <object_component id="oc-227">
         <name>.debug_info</name>
         <load_address>0x16cef</load_address>
         <run_address>0x16cef</run_address>
         <size>0x28c</size>
         <input_file_ref idref="fl-1d"/>
      </object_component>
      <object_component id="oc-232">
         <name>.debug_info</name>
         <load_address>0x16f7b</load_address>
         <run_address>0x16f7b</run_address>
         <size>0x23f</size>
         <input_file_ref idref="fl-1d"/>
      </object_component>
      <object_component id="oc-220">
         <name>.debug_info</name>
         <load_address>0x171ba</load_address>
         <run_address>0x171ba</run_address>
         <size>0x241</size>
         <input_file_ref idref="fl-1d"/>
      </object_component>
      <object_component id="oc-22c">
         <name>.debug_info</name>
         <load_address>0x173fb</load_address>
         <run_address>0x173fb</run_address>
         <size>0x2cd</size>
         <input_file_ref idref="fl-1d"/>
      </object_component>
      <object_component id="oc-1c3">
         <name>.debug_info</name>
         <load_address>0x176c8</load_address>
         <run_address>0x176c8</run_address>
         <size>0x298</size>
         <input_file_ref idref="fl-1e"/>
      </object_component>
      <object_component id="oc-353">
         <name>.debug_info</name>
         <load_address>0x17960</load_address>
         <run_address>0x17960</run_address>
         <size>0x14d</size>
         <input_file_ref idref="fl-1e"/>
      </object_component>
      <object_component id="oc-c0">
         <name>.debug_info</name>
         <load_address>0x17aad</load_address>
         <run_address>0x17aad</run_address>
         <size>0x27d</size>
         <input_file_ref idref="fl-1e"/>
      </object_component>
      <object_component id="oc-1fc">
         <name>.debug_info</name>
         <load_address>0x17d2a</load_address>
         <run_address>0x17d2a</run_address>
         <size>0x263</size>
         <input_file_ref idref="fl-1e"/>
      </object_component>
      <object_component id="oc-ba">
         <name>.debug_info</name>
         <load_address>0x17f8d</load_address>
         <run_address>0x17f8d</run_address>
         <size>0x2db</size>
         <input_file_ref idref="fl-1e"/>
      </object_component>
      <object_component id="oc-23e">
         <name>.debug_info</name>
         <load_address>0x18268</load_address>
         <run_address>0x18268</run_address>
         <size>0x2b5</size>
         <input_file_ref idref="fl-1e"/>
      </object_component>
      <object_component id="oc-328">
         <name>.debug_info</name>
         <load_address>0x1851d</load_address>
         <run_address>0x1851d</run_address>
         <size>0x5f</size>
         <input_file_ref idref="fl-1e"/>
      </object_component>
      <object_component id="oc-1c0">
         <name>.debug_info</name>
         <load_address>0x1857c</load_address>
         <run_address>0x1857c</run_address>
         <size>0x223</size>
         <input_file_ref idref="fl-1f"/>
      </object_component>
      <object_component id="oc-245">
         <name>.debug_info</name>
         <load_address>0x1879f</load_address>
         <run_address>0x1879f</run_address>
         <size>0x2ba</size>
         <input_file_ref idref="fl-1f"/>
      </object_component>
      <object_component id="oc-251">
         <name>.debug_info</name>
         <load_address>0x18a59</load_address>
         <run_address>0x18a59</run_address>
         <size>0x294</size>
         <input_file_ref idref="fl-1f"/>
      </object_component>
      <object_component id="oc-b5">
         <name>.debug_info</name>
         <load_address>0x18ced</load_address>
         <run_address>0x18ced</run_address>
         <size>0x292</size>
         <input_file_ref idref="fl-1f"/>
      </object_component>
      <object_component id="oc-257">
         <name>.debug_info</name>
         <load_address>0x18f7f</load_address>
         <run_address>0x18f7f</run_address>
         <size>0x27f</size>
         <input_file_ref idref="fl-1f"/>
      </object_component>
      <object_component id="oc-1df">
         <name>.debug_info</name>
         <load_address>0x191fe</load_address>
         <run_address>0x191fe</run_address>
         <size>0x28c</size>
         <input_file_ref idref="fl-1f"/>
      </object_component>
      <object_component id="oc-196">
         <name>.debug_info</name>
         <load_address>0x1948a</load_address>
         <run_address>0x1948a</run_address>
         <size>0x227</size>
         <input_file_ref idref="fl-20"/>
      </object_component>
      <object_component id="oc-9c">
         <name>.debug_info</name>
         <load_address>0x196b1</load_address>
         <run_address>0x196b1</run_address>
         <size>0x291</size>
         <input_file_ref idref="fl-20"/>
      </object_component>
      <object_component id="oc-1d7">
         <name>.debug_info</name>
         <load_address>0x19942</load_address>
         <run_address>0x19942</run_address>
         <size>0x20f</size>
         <input_file_ref idref="fl-21"/>
      </object_component>
      <object_component id="oc-f8">
         <name>.debug_info</name>
         <load_address>0x19b51</load_address>
         <run_address>0x19b51</run_address>
         <size>0x14c</size>
         <input_file_ref idref="fl-d7"/>
      </object_component>
      <object_component id="oc-261">
         <name>.debug_info</name>
         <load_address>0x19c9d</load_address>
         <run_address>0x19c9d</run_address>
         <size>0x13a</size>
         <input_file_ref idref="fl-d8"/>
      </object_component>
      <object_component id="oc-f5">
         <name>.debug_info</name>
         <load_address>0x19dd7</load_address>
         <run_address>0x19dd7</run_address>
         <size>0x13a</size>
         <input_file_ref idref="fl-d9"/>
      </object_component>
      <object_component id="oc-266">
         <name>.debug_info</name>
         <load_address>0x19f11</load_address>
         <run_address>0x19f11</run_address>
         <size>0x12e</size>
         <input_file_ref idref="fl-da"/>
      </object_component>
      <object_component id="oc-ff">
         <name>.debug_info</name>
         <load_address>0x1a03f</load_address>
         <run_address>0x1a03f</run_address>
         <size>0x13e</size>
         <input_file_ref idref="fl-db"/>
      </object_component>
      <object_component id="oc-ef">
         <name>.debug_info</name>
         <load_address>0x1a17d</load_address>
         <run_address>0x1a17d</run_address>
         <size>0x12c</size>
         <input_file_ref idref="fl-dc"/>
      </object_component>
      <object_component id="oc-25d">
         <name>.debug_info</name>
         <load_address>0x1a2a9</load_address>
         <run_address>0x1a2a9</run_address>
         <size>0x12c</size>
         <input_file_ref idref="fl-de"/>
      </object_component>
      <object_component id="oc-4f">
         <name>.debug_info</name>
         <load_address>0x1a3d5</load_address>
         <run_address>0x1a3d5</run_address>
         <size>0x119</size>
         <input_file_ref idref="fl-df"/>
      </object_component>
      <object_component id="oc-13c">
         <name>.debug_info</name>
         <load_address>0x1a4ee</load_address>
         <run_address>0x1a4ee</run_address>
         <size>0x147</size>
         <input_file_ref idref="fl-e0"/>
      </object_component>
      <object_component id="oc-1a3">
         <name>.debug_info</name>
         <load_address>0x1a635</load_address>
         <run_address>0x1a635</run_address>
         <size>0x142</size>
         <input_file_ref idref="fl-e1"/>
      </object_component>
      <object_component id="oc-138">
         <name>.debug_info</name>
         <load_address>0x1a777</load_address>
         <run_address>0x1a777</run_address>
         <size>0x2d4</size>
         <input_file_ref idref="fl-e2"/>
      </object_component>
      <object_component id="oc-5f">
         <name>.debug_info</name>
         <load_address>0x1aa4b</load_address>
         <run_address>0x1aa4b</run_address>
         <size>0x1b5</size>
         <input_file_ref idref="fl-e2"/>
      </object_component>
      <object_component id="oc-133">
         <name>.debug_info</name>
         <load_address>0x1ac00</load_address>
         <run_address>0x1ac00</run_address>
         <size>0x46</size>
         <input_file_ref idref="fl-e2"/>
      </object_component>
      <object_component id="oc-57">
         <name>.debug_info</name>
         <load_address>0x1ac46</load_address>
         <run_address>0x1ac46</run_address>
         <size>0x2a8</size>
         <input_file_ref idref="fl-e3"/>
      </object_component>
      <object_component id="oc-1d">
         <name>.debug_info</name>
         <load_address>0x1aeee</load_address>
         <run_address>0x1aeee</run_address>
         <size>0x1ea</size>
         <input_file_ref idref="fl-e3"/>
      </object_component>
      <object_component id="oc-52">
         <name>.debug_info</name>
         <load_address>0x1b0d8</load_address>
         <run_address>0x1b0d8</run_address>
         <size>0x46</size>
         <input_file_ref idref="fl-e3"/>
      </object_component>
      <object_component id="oc-12b">
         <name>.debug_info</name>
         <load_address>0x1b11e</load_address>
         <run_address>0x1b11e</run_address>
         <size>0x2c</size>
         <input_file_ref idref="fl-e3"/>
      </object_component>
      <object_component id="oc-129">
         <name>.debug_info</name>
         <load_address>0x1b14a</load_address>
         <run_address>0x1b14a</run_address>
         <size>0x29e</size>
         <input_file_ref idref="fl-e4"/>
      </object_component>
      <object_component id="oc-16">
         <name>.debug_info</name>
         <load_address>0x1b3e8</load_address>
         <run_address>0x1b3e8</run_address>
         <size>0x250</size>
         <input_file_ref idref="fl-e4"/>
      </object_component>
      <object_component id="oc-42">
         <name>.debug_info</name>
         <load_address>0x1b638</load_address>
         <run_address>0x1b638</run_address>
         <size>0x60</size>
         <input_file_ref idref="fl-e4"/>
      </object_component>
      <object_component id="oc-28f">
         <name>.debug_info</name>
         <load_address>0x1b698</load_address>
         <run_address>0x1b698</run_address>
         <size>0x46</size>
         <input_file_ref idref="fl-e4"/>
      </object_component>
      <object_component id="oc-124">
         <name>.debug_info</name>
         <load_address>0x1b6de</load_address>
         <run_address>0x1b6de</run_address>
         <size>0x39</size>
         <input_file_ref idref="fl-e4"/>
      </object_component>
      <object_component id="oc-25">
         <name>.debug_info</name>
         <load_address>0x1b717</load_address>
         <run_address>0x1b717</run_address>
         <size>0x10b</size>
         <input_file_ref idref="fl-e5"/>
      </object_component>
      <object_component id="oc-6c">
         <name>.debug_info</name>
         <load_address>0x1b822</load_address>
         <run_address>0x1b822</run_address>
         <size>0x1a9</size>
         <input_file_ref idref="fl-e5"/>
      </object_component>
      <object_component id="oc-312">
         <name>.debug_info</name>
         <load_address>0x1b9cb</load_address>
         <run_address>0x1b9cb</run_address>
         <size>0x115</size>
         <input_file_ref idref="fl-e6"/>
      </object_component>
      <object_component id="oc-370">
         <name>.debug_info</name>
         <load_address>0x1bae0</load_address>
         <run_address>0x1bae0</run_address>
         <size>0x4b3</size>
         <input_file_ref idref="fl-e7"/>
      </object_component>
      <object_component id="oc-2ac">
         <name>.debug_info</name>
         <load_address>0x1bf93</load_address>
         <run_address>0x1bf93</run_address>
         <size>0x1a6</size>
         <input_file_ref idref="fl-e7"/>
      </object_component>
      <object_component id="oc-3c2">
         <name>.debug_info</name>
         <load_address>0x1c139</load_address>
         <run_address>0x1c139</run_address>
         <size>0x39</size>
         <input_file_ref idref="fl-e7"/>
      </object_component>
      <object_component id="oc-3e8">
         <name>.debug_info</name>
         <load_address>0x1c172</load_address>
         <run_address>0x1c172</run_address>
         <size>0x39</size>
         <input_file_ref idref="fl-e7"/>
      </object_component>
      <object_component id="oc-3c7">
         <name>.debug_info</name>
         <load_address>0x1c1ab</load_address>
         <run_address>0x1c1ab</run_address>
         <size>0x39</size>
         <input_file_ref idref="fl-e7"/>
      </object_component>
      <object_component id="oc-3cc">
         <name>.debug_info</name>
         <load_address>0x1c1e4</load_address>
         <run_address>0x1c1e4</run_address>
         <size>0xcd</size>
         <input_file_ref idref="fl-e7"/>
      </object_component>
      <object_component id="oc-140">
         <name>.debug_info</name>
         <load_address>0x1c2b1</load_address>
         <run_address>0x1c2b1</run_address>
         <size>0x153</size>
         <input_file_ref idref="fl-e8"/>
      </object_component>
      <object_component id="oc-2a1">
         <name>.debug_info</name>
         <load_address>0x1c404</load_address>
         <run_address>0x1c404</run_address>
         <size>0x122</size>
         <input_file_ref idref="fl-ea"/>
      </object_component>
      <object_component id="oc-424">
         <name>.debug_info</name>
         <load_address>0x1c526</load_address>
         <run_address>0x1c526</run_address>
         <size>0xc2</size>
      </object_component>
      <object_component id="oc-11e">
         <name>.debug_line</name>
         <load_address>0x0</load_address>
         <run_address>0x0</run_address>
         <size>0x41</size>
         <input_file_ref idref="fl-2"/>
      </object_component>
      <object_component id="oc-3f">
         <name>.debug_line</name>
         <load_address>0x41</load_address>
         <run_address>0x41</run_address>
         <size>0x41</size>
         <input_file_ref idref="fl-2"/>
      </object_component>
      <object_component id="oc-2b">
[...]
         <value>0x5a1</value>
         <object_component_ref idref="oc-85"/>
      </symbol>
      <symbol id="sm-4d1">
         <name>vTaskSuspendAll</name>
         <value>0xa7f</value>
         <object_component_ref idref="oc-85"/>
      </symbol>
      <symbol id="sm-4d2">
         <name>vTaskPlaceOnEventList</name>
         <value>0xe8b</value>
         <object_component_ref idref="oc-85"/>
      </symbol>
      <symbol id="sm-4d3">
         <name>vTaskSetTaskNumber</name>
         <value>0x10b9</value>
         <object_component_ref idref="oc-85"/>
      </symbol>
      <symbol id="sm-4d4">
         <name>uxTaskPriorityGetFromISR</name>
         <value>0x6a1</value>
         <object_component_ref idref="oc-85"/>
      </symbol>
      <symbol id="sm-4d5">
         <name>ulTaskNotifyTake</name>
         <value>0x163d</value>
         <object_component_ref idref="oc-85"/>
      </symbol>
      <symbol id="sm-4d6">
         <name>pcTaskGetName</name>
         <value>0xba3</value>
         <object_component_ref idref="oc-85"/>
      </symbol>
      <symbol id="sm-4d7">
         <name>xTaskCheckForTimeOut</name>
         <value>0x1009</value>
         <object_component_ref idref="oc-85"/>
      </symbol>
      <symbol id="sm-4d8">
         <name>vTaskRemoveFromUnorderedEventList</name>
         <value>0xf61</value>
         <object_component_ref idref="oc-85"/>
      </symbol>
      <symbol id="sm-4d9">
         <name>vTaskPrioritySet</name>
         <value>0x6ed</value>
         <object_component_ref idref="oc-85"/>
      </symbol>
      <symbol id="sm-4da">
         <name>xTaskPriorityDisinherit</name>
         <value>0x148f</value>
         <object_component_ref idref="oc-85"/>
      </symbol>
      <symbol id="sm-4db">
         <name>vTaskStartScheduler</name>
         <value>0xa19</value>
         <object_component_ref idref="oc-85"/>
      </symbol>
      <symbol id="sm-4dc">
         <name>vTaskInternalSetTimeOutState</name>
         <value>0xfe7</value>
         <object_component_ref idref="oc-85"/>
      </symbol>
      <symbol id="sm-4dd">
         <name>xTaskNotifyStateClear</name>
         <value>0x1a07</value>
         <object_component_ref idref="oc-85"/>
      </symbol>
      <symbol id="sm-4de">
         <name>pvTaskIncrementMutexHeldCount</name>
         <value>0x161f</value>
         <object_component_ref idref="oc-85"/>
      </symbol>
      <symbol id="sm-4df">
         <name>uxTaskGetStackHighWaterMark</name>
         <value>0x1309</value>
         <object_component_ref idref="oc-85"/>
      </symbol>
      <symbol id="sm-4e0">
         <name>xTaskGenericNotify</name>
         <value>0x175f</value>
         <object_component_ref idref="oc-85"/>
      </symbol>
      <symbol id="sm-4e1">
         <name>vTaskPriorityDisinheritAfterTimeout</name>
         <value>0x152b</value>
         <object_component_ref idref="oc-85"/>
      </symbol>
      <symbol id="sm-4e2">
         <name>xTaskCreate</name>
         <value>0x26d</value>
         <object_component_ref idref="oc-85"/>
      </symbol>
      <symbol id="sm-4e3">
         <name>vTaskDelayUntil</name>
         <value>0x511</value>
         <object_component_ref idref="oc-85"/>
      </symbol>
      <symbol id="sm-4e4">
         <name>uxTaskGetTaskNumber</name>
         <value>0x1099</value>
         <object_component_ref idref="oc-85"/>
      </symbol>
      <symbol id="sm-4e5">
         <name>vTaskEndScheduler</name>
         <value>0xa63</value>
         <object_component_ref idref="oc-85"/>
      </symbol>
      <symbol id="sm-4e6">
         <name>xTaskNotifyWait</name>
         <value>0x16b9</value>
         <object_component_ref idref="oc-85"/>
      </symbol>
      <symbol id="sm-4e7">
         <name>vTaskMissedYield</name>
         <value>0x108d</value>
         <object_component_ref idref="oc-85"/>
      </symbol>
      <symbol id="sm-4e8">
         <name>uxTaskGetNumberOfTasks</name>
         <value>0xb9d</value>
         <object_component_ref idref="oc-85"/>
      </symbol>
      <symbol id="sm-4e9">
         <name>xTaskGenericNotifyFromISR</name>
         <value>0x1849</value>
         <object_component_ref idref="oc-85"/>
      </symbol>
      <symbol id="sm-4ea">
         <name>vTaskGetInfo</name>
         <value>0x1179</value>
         <object_component_ref idref="oc-85"/>
      </symbol>
      <symbol id="sm-4eb">
         <name>uxTaskPriorityGet</name>
         <value>0x671</value>
         <object_component_ref idref="oc-85"/>
      </symbol>
      <symbol id="sm-4ec">
         <name>xTaskResumeAll</name>
         <value>0xa91</value>
         <object_component_ref idref="oc-85"/>
      </symbol>
      <symbol id="sm-4ed">
         <name>xTaskGetTickCount</name>
         <value>0xb75</value>
         <object_component_ref idref="oc-85"/>
      </symbol>
      <symbol id="sm-4ee">
         <name>uxTaskGetSystemState</name>
         <value>0xbc9</value>
         <object_component_ref idref="oc-85"/>
      </symbol>
      <symbol id="sm-4ef">
         <name>vTaskDelete</name>
         <value>0x463</value>
         <object_component_ref idref="oc-85"/>
      </symbol>
      <symbol id="sm-4f0">
         <name>pxCurrentTCB</name>
         <value>0x20007be0</value>
         <object_component_ref idref="oc-7f"/>
      </symbol>
      <symbol id="sm-4f1">
         <name>vTaskNotifyGiveFromISR</name>
         <value>0x1959</value>
         <object_component_ref idref="oc-85"/>
      </symbol>
      <symbol id="sm-4f2">
         <name>eTaskGetState</name>
         <value>0x5dd</value>
         <object_component_ref idref="oc-85"/>
      </symbol>
      <symbol id="sm-4f3">
         <name>vTaskSuspend</name>
         <value>0x805</value>
         <object_component_ref idref="oc-85"/>
      </symbol>
      <symbol id="sm-4f4">
         <name>xTaskGetTickCountFromISR</name>
         <value>0xb89</value>
         <object_component_ref idref="oc-85"/>
      </symbol>
      <symbol id="sm-4f5">
         <name>vTaskResume</name>
         <value>0x911</value>
         <object_component_ref idref="oc-85"/>
      </symbol>
      <symbol id="sm-4f6">
         <name>vTaskSetTimeOutState</name>
         <value>0xfc9</value>
         <object_component_ref idref="oc-85"/>
      </symbol>
      <symbol id="sm-4f7">
         <name>xTaskIncrementTick</name>
         <value>0xcbd</value>
         <object_component_ref idref="oc-85"/>
      </symbol>
      <symbol id="sm-4f8">
         <name>vTaskSwitchContext</name>
         <value>0xde9</value>
         <object_component_ref idref="oc-85"/>
      </symbol>
      <symbol id="sm-4f9">
         <name>uxTaskResetEventItemValue</name>
         <value>0x15fd</value>
         <object_component_ref idref="oc-85"/>
      </symbol>
      <symbol id="sm-4fa">
         <name>xTaskResumeFromISR</name>
         <value>0x989</value>
         <object_component_ref idref="oc-85"/>
      </symbol>
      <symbol id="sm-4fb">
         <name>xTaskGetCurrentTaskHandle</name>
         <value>0x137d</value>
         <object_component_ref idref="oc-85"/>
      </symbol>
      <symbol id="sm-4fc">
         <name>vTaskPlaceOnUnorderedEventList</name>
         <value>0xea7</value>
         <object_component_ref idref="oc-85"/>
      </symbol>
      <symbol id="sm-4fd">
         <name>xTaskRemoveFromEventList</name>
         <value>0xee1</value>
         <object_component_ref idref="oc-85"/>
      </symbol>
      <symbol id="sm-4fe">
         <name>xTaskPriorityInherit</name>
         <value>0x13b1</value>
         <object_component_ref idref="oc-85"/>
      </symbol>
      <symbol id="sm-574">
         <name>UARTgetc</name>
         <value>0x2df5</value>
         <object_component_ref idref="oc-a1"/>
      </symbol>
      <symbol id="sm-575">
         <name>UARTgets</name>
         <value>0x2d2f</value>
         <object_component_ref idref="oc-a1"/>
      </symbol>
      <symbol id="sm-576">
         <name>UARTStdioConfig</name>
         <value>0x2c7d</value>
         <object_component_ref idref="oc-a1"/>
      </symbol>
      <symbol id="sm-577">
         <name>UARTwrite</name>
         <value>0x2cdd</value>
         <object_component_ref idref="oc-a1"/>
      </symbol>
      <symbol id="sm-578">
         <name>UARTprintf</name>
         <value>0x3123</value>
         <object_component_ref idref="oc-a1"/>
      </symbol>
      <symbol id="sm-579">
         <name>UARTvprintf</name>
         <value>0x2e29</value>
         <object_component_ref idref="oc-a1"/>
      </symbol>
      <symbol id="sm-5ff">
         <name>GPIOPinTypePWM</name>
         <value>0x468d</value>
         <object_component_ref idref="oc-201"/>
      </symbol>
      <symbol id="sm-600">
         <name>GPIOIntRegister</name>
         <value>0x4661</value>
         <object_component_ref idref="oc-1e9"/>
      </symbol>
      <symbol id="sm-601">
         <name>GPIOPinConfigure</name>
         <value>0x4379</value>
         <object_component_ref idref="oc-c5"/>
      </symbol>
      <symbol id="sm-602">
         <name>GPIOIntEnable</name>
         <value>0x473d</value>
         <object_component_ref idref="oc-1f5"/>
      </symbol>
      <symbol id="sm-603">
         <name>GPIOIntTypeSet</name>
         <value>0x4321</value>
         <object_component_ref idref="oc-1e3"/>
      </symbol>
      <symbol id="sm-604">
         <name>GPIOIntClear</name>
         <value>0x4793</value>
         <object_component_ref idref="oc-a7"/>
      </symbol>
      <symbol id="sm-605">
         <name>GPIOPinTypeUART</name>
         <value>0x46b1</value>
         <object_component_ref idref="oc-cb"/>
      </symbol>
      <symbol id="sm-606">
         <name>GPIODirModeSet</name>
         <value>0x45d3</value>
         <object_component_ref idref="oc-1c9"/>
      </symbol>
      <symbol id="sm-607">
         <name>GPIOPinTypeQEI</name>
         <value>0x469f</value>
         <object_component_ref idref="oc-219"/>
      </symbol>
      <symbol id="sm-608">
         <name>GPIOPadConfigSet</name>
         <value>0x3a33</value>
         <object_component_ref idref="oc-1cf"/>
      </symbol>
      <symbol id="sm-65b">
         <name>IntPrioritySet</name>
         <value>0x45fd</value>
         <object_component_ref idref="oc-1ef"/>
      </symbol>
      <symbol id="sm-65c">
         <name>IntEnable</name>
         <value>0x41f1</value>
         <object_component_ref idref="oc-249"/>
      </symbol>
      <symbol id="sm-65d">
         <name>IntRegister</name>
         <value>0x4509</value>
         <object_component_ref idref="oc-33a"/>
      </symbol>
      <symbol id="sm-65e">
         <name>IntMasterDisable</name>
         <value>0x46e7</value>
         <object_component_ref idref="oc-d1"/>
      </symbol>
      <symbol id="sm-65f">
         <name>g_pfnRAMVectors</name>
         <value>0x20000000</value>
         <object_component_ref idref="oc-3a6"/>
      </symbol>
      <symbol id="sm-68c">
         <name>PWMGenPeriodSet</name>
         <value>0x46f7</value>
         <object_component_ref idref="oc-20d"/>
      </symbol>
      <symbol id="sm-68d">
         <name>PWMPulseWidthSet</name>
         <value>0x4643</value>
         <object_component_ref idref="oc-26a"/>
      </symbol>
      <symbol id="sm-68e">
         <name>PWMOutputState</name>
         <value>0x46c3</value>
         <object_component_ref idref="oc-e6"/>
      </symbol>
      <symbol id="sm-68f">
         <name>PWMGenEnable</name>
         <value>0x4749</value>
         <object_component_ref idref="oc-213"/>
      </symbol>
      <symbol id="sm-690">
         <name>PWMGenConfigure</name>
         <value>0x4621</value>
         <object_component_ref idref="oc-207"/>
      </symbol>
      <symbol id="sm-6c5">
         <name>QEIPositionGet</name>
         <value>0x47a5</value>
         <object_component_ref idref="oc-dd"/>
      </symbol>
      <symbol id="sm-6c6">
         <name>QEIIntDisable</name>
         <value>0x4781</value>
         <object_component_ref idref="oc-225"/>
      </symbol>
      <symbol id="sm-6c7">
         <name>QEIDisable</name>
         <value>0x476d</value>
         <object_component_ref idref="oc-21f"/>
      </symbol>
      <symbol id="sm-6c8">
         <name>QEIEnable</name>
         <value>0x4777</value>
         <object_component_ref idref="oc-231"/>
      </symbol>
      <symbol id="sm-6c9">
         <name>QEIPositionSet</name>
         <value>0x47a9</value>
         <object_component_ref idref="oc-237"/>
      </symbol>
      <symbol id="sm-6ca">
         <name>QEIConfigure</name>
         <value>0x4707</value>
         <object_component_ref idref="oc-22b"/>
      </symbol>
      <symbol id="sm-726">
         <name>SysCtlClockSet</name>
         <value>0x3e9d</value>
         <object_component_ref idref="oc-b9"/>
      </symbol>
      <symbol id="sm-727">
         <name>SysCtlDelay</name>
         <value>0x4799</value>
         <object_component_ref idref="oc-1c1"/>
      </symbol>
      <symbol id="sm-728">
         <name>SysCtlPeripheralEnable</name>
         <value>0x453d</value>
         <object_component_ref idref="oc-bf"/>
      </symbol>
      <symbol id="sm-729">
         <name>SysCtlClockGet</name>
         <value>0x3c91</value>
         <object_component_ref idref="oc-23d"/>
      </symbol>
      <symbol id="sm-72a">
         <name>SysCtlPWMClockSet</name>
         <value>0x4679</value>
         <object_component_ref idref="oc-1fb"/>
      </symbol>
      <symbol id="sm-75e">
         <name>TimerLoadSet</name>
         <value>0x46d5</value>
         <object_component_ref idref="oc-243"/>
      </symbol>
      <symbol id="sm-75f">
         <name>TimerEnable</name>
         <value>0x4715</value>
         <object_component_ref idref="oc-255"/>
      </symbol>
      <symbol id="sm-760">
         <name>TimerIntEnable</name>
         <value>0x478b</value>
         <object_component_ref idref="oc-24f"/>
      </symbol>
      <symbol id="sm-761">
         <name>TimerConfigure</name>
         <value>0x42c1</value>
         <object_component_ref idref="oc-1dd"/>
      </symbol>
      <symbol id="sm-762">
         <name>TimerIntClear</name>
         <value>0x47ad</value>
         <object_component_ref idref="oc-b3"/>
      </symbol>
      <symbol id="sm-76f">
         <name>UARTClockSourceSet</name>
         <value>0x479f</value>
         <object_component_ref idref="oc-9b"/>
      </symbol>
      <symbol id="sm-779">
         <name>CPUcpsid</name>
         <value>0x4731</value>
         <object_component_ref idref="oc-1d6"/>
      </symbol>
      <symbol id="sm-790">
         <name>__aeabi_dsub</name>
         <value>0x3609</value>
         <object_component_ref idref="oc-f7"/>
      </symbol>
      <symbol id="sm-791">
         <name>__aeabi_dadd</name>
         <value>0x3613</value>
         <object_component_ref idref="oc-f7"/>
      </symbol>
      <symbol id="sm-7a5">
         <name>__aeabi_ddiv</name>
         <value>0x38fd</value>
         <object_component_ref idref="oc-260"/>
      </symbol>
      <symbol id="sm-7b0">
         <name>__aeabi_dmul</name>
         <value>0x3da1</value>
         <object_component_ref idref="oc-f2"/>
      </symbol>
      <symbol id="sm-7ba">
         <name>__aeabi_d2iz</name>
         <value>0x43c1</value>
         <object_component_ref idref="oc-265"/>
      </symbol>
      <symbol id="sm-7c6">
         <name>__aeabi_d2f</name>
         <value>0x4181</value>
         <object_component_ref idref="oc-fc"/>
      </symbol>
      <symbol id="sm-7d1">
         <name>__aeabi_f2d</name>
         <value>0x44d1</value>
         <object_component_ref idref="oc-ed"/>
      </symbol>
      <symbol id="sm-7dc">
         <name>__aeabi_i2d</name>
         <value>0x45a5</value>
         <object_component_ref idref="oc-25b"/>
      </symbol>
      <symbol id="sm-7f7">
         <name>memcpy</name>
         <value>0x406b</value>
         <object_component_ref idref="oc-4c"/>
      </symbol>
      <symbol id="sm-7f8">
         <name>__aeabi_memcpy</name>
         <value>0x406b</value>
         <object_component_ref idref="oc-4c"/>
      </symbol>
      <symbol id="sm-7f9">
         <name>__aeabi_memcpy8</name>
         <value>0x406b</value>
         <object_component_ref idref="oc-4c"/>
      </symbol>
      <symbol id="sm-7fa">
         <name>__aeabi_memcpy4</name>
         <value>0x406b</value>
         <object_component_ref idref="oc-4c"/>
      </symbol>
      <symbol id="sm-809">
         <name>__aeabi_memset</name>
         <value>0x4109</value>
         <object_component_ref idref="oc-139"/>
      </symbol>
      <symbol id="sm-80a">
         <name>memset</name>
         <value>0x410f</value>
         <object_component_ref idref="oc-139"/>
      </symbol>
      <symbol id="sm-80b">
         <name>__aeabi_memset8</name>
         <value>0x4109</value>
         <object_component_ref idref="oc-139"/>
      </symbol>
      <symbol id="sm-80c">
         <name>__aeabi_memset4</name>
         <value>0x4109</value>
         <object_component_ref idref="oc-139"/>
      </symbol>
      <symbol id="sm-80d">
         <name>__aeabi_memclr8</name>
         <value>0x4107</value>
         <object_component_ref idref="oc-139"/>
      </symbol>
      <symbol id="sm-80e">
         <name>__aeabi_memclr4</name>
         <value>0x4107</value>
         <object_component_ref idref="oc-139"/>
      </symbol>
      <symbol id="sm-80f">
         <name>__aeabi_memclr</name>
         <value>0x4107</value>
         <object_component_ref idref="oc-139"/>
      </symbol>
      <symbol id="sm-81e">
         <name>__aeabi_uidivmod</name>
         <value>0x4491</value>
         <object_component_ref idref="oc-1a0"/>
      </symbol>
      <symbol id="sm-81f">
         <name>__aeabi_uidiv</name>
         <value>0x4491</value>
         <object_component_ref idref="oc-1a0"/>
      </symbol>
      <symbol id="sm-831">
         <name>__TI_zero_init</name>
         <value>0x4755</value>
         <object_component_ref idref="oc-5e"/>
      </symbol>
      <symbol id="sm-848">
         <name>__TI_decompress_none</name>
         <value>0x4723</value>
         <object_component_ref idref="oc-1b"/>
      </symbol>
      <symbol id="sm-86b">
         <name>__TI_decompress_lzss</name>
         <value>0x4259</value>
         <object_component_ref idref="oc-15"/>
      </symbol>
      <symbol id="sm-87e">
         <name>__stack</name>
         <value>0x200079e0</value>
         <object_component_ref idref="oc-24"/>
      </symbol>
      <symbol id="sm-87f">
         <name>_c_int00_noargs</name>
         <value>0x4571</value>
         <object_component_ref idref="oc-6a"/>
      </symbol>
      <symbol id="sm-889">
         <name>__aeabi_idiv0</name>
         <value>0x37bf</value>
         <object_component_ref idref="oc-310"/>
      </symbol>
      <symbol id="sm-88a">
         <name>__aeabi_ldiv0</name>
         <value>0x37bf</value>
         <object_component_ref idref="oc-310"/>
      </symbol>
      <symbol id="sm-8b2">
         <name>__TI_auto_init_nobinit_nopinit</name>
         <value>0x444d</value>
         <object_component_ref idref="oc-2ab"/>
      </symbol>
      <symbol id="sm-8bc">
         <name>_system_pre_init</name>
         <value>0x47b1</value>
         <object_component_ref idref="oc-13f"/>
      </symbol>
      <symbol id="sm-8c8">
         <name>C$$EXIT</name>
         <value>0x47b5</value>
         <object_component_ref idref="oc-29f"/>
      </symbol>
      <symbol id="sm-8c9">
         <name>abort</name>
         <value>0x47b5</value>
         <object_component_ref idref="oc-29f"/>
      </symbol>
      <symbol id="sm-8cc">
         <name>__TI_static_base__</name>
         <value>0x0</value>
      </symbol>
      <symbol id="sm-8cf">
         <name>__mpu_init</name>
         <value>0x0</value>
      </symbol>
      <symbol id="sm-8d0">
         <name>_system_post_cinit</name>
         <value>0x0</value>
      </symbol>
   </symbol_table>
   <title>Link successful</title>
</link_info>
